Component: Arm Compiler for Embedded 6.21 Tool: armlink [5ec1fa00]

==============================================================================

Section Cross References

    startup_stm32f407xx.o(STACK) refers (Special) to heapauxi.o(.text) for __use_two_region_memory
    startup_stm32f407xx.o(HEAP) refers (Special) to heapauxi.o(.text) for __use_two_region_memory
    startup_stm32f407xx.o(RESET) refers (Special) to heapauxi.o(.text) for __use_two_region_memory
    startup_stm32f407xx.o(RESET) refers to startup_stm32f407xx.o(STACK) for __initial_sp
    startup_stm32f407xx.o(RESET) refers to startup_stm32f407xx.o(.text) for Reset_Handler
    startup_stm32f407xx.o(RESET) refers to stm32f4xx_it.o(.text.NMI_Handler) for NMI_Handler
    startup_stm32f407xx.o(RESET) refers to stm32f4xx_it.o(.text.HardFault_Handler) for HardFault_Handler
    startup_stm32f407xx.o(RESET) refers to stm32f4xx_it.o(.text.MemManage_Handler) for MemManage_Handler
    startup_stm32f407xx.o(RESET) refers to stm32f4xx_it.o(.text.BusFault_Handler) for BusFault_Handler
    startup_stm32f407xx.o(RESET) refers to stm32f4xx_it.o(.text.UsageFault_Handler) for UsageFault_Handler
    startup_stm32f407xx.o(RESET) refers to port.o(.text.SVC_Handler) for SVC_Handler
    startup_stm32f407xx.o(RESET) refers to stm32f4xx_it.o(.text.DebugMon_Handler) for DebugMon_Handler
    startup_stm32f407xx.o(RESET) refers to port.o(.text.PendSV_Handler) for PendSV_Handler
    startup_stm32f407xx.o(RESET) refers to port.o(.text.SysTick_Handler) for SysTick_Handler
    startup_stm32f407xx.o(RESET) refers to stm32f4xx_it.o(.text.DMA1_Stream5_IRQHandler) for DMA1_Stream5_IRQHandler
    startup_stm32f407xx.o(RESET) refers to stm32f4xx_it.o(.text.DMA1_Stream6_IRQHandler) for DMA1_Stream6_IRQHandler
    startup_stm32f407xx.o(RESET) refers to stm32f4xx_it.o(.text.TIM1_UP_TIM10_IRQHandler) for TIM1_UP_TIM10_IRQHandler
    startup_stm32f407xx.o(RESET) refers to stm32f4xx_it.o(.text.TIM3_IRQHandler) for TIM3_IRQHandler
    startup_stm32f407xx.o(RESET) refers to stm32f4xx_it.o(.text.USART2_IRQHandler) for USART2_IRQHandler
    startup_stm32f407xx.o(RESET) refers to stm32f4xx_it.o(.text.USART3_IRQHandler) for USART3_IRQHandler
    startup_stm32f407xx.o(RESET) refers to stm32f4xx_it.o(.text.TIM8_TRG_COM_TIM14_IRQHandler) for TIM8_TRG_COM_TIM14_IRQHandler
    startup_stm32f407xx.o(RESET) refers to stm32f4xx_it.o(.text.UART5_IRQHandler) for UART5_IRQHandler
    startup_stm32f407xx.o(RESET) refers to stm32f4xx_it.o(.text.TIM7_IRQHandler) for TIM7_IRQHandler
    startup_stm32f407xx.o(.text) refers (Special) to heapauxi.o(.text) for __use_two_region_memory
    startup_stm32f407xx.o(.text) refers to system_stm32f4xx.o(.text.SystemInit) for SystemInit
    startup_stm32f407xx.o(.text) refers to __main.o(!!!main) for __main
    startup_stm32f407xx.o(.text) refers to startup_stm32f407xx.o(HEAP) for Heap_Mem
    startup_stm32f407xx.o(.text) refers to startup_stm32f407xx.o(STACK) for Stack_Mem
    main.o(.ARM.exidx.text.findMaxIndex) refers to main.o(.text.findMaxIndex) for [Anonymous Symbol]
    main.o(.ARM.exidx.text.vApplicationStackOverflowHook) refers to main.o(.text.vApplicationStackOverflowHook) for [Anonymous Symbol]
    main.o(.ARM.exidx.text.vApplicationIdleHook) refers to main.o(.text.vApplicationIdleHook) for [Anonymous Symbol]
    main.o(.ARM.exidx.text.vApplicationTickHook) refers to main.o(.text.vApplicationTickHook) for [Anonymous Symbol]
    main.o(.ARM.exidx.text.vApplicationMallocFailedHook) refers to main.o(.text.vApplicationMallocFailedHook) for [Anonymous Symbol]
    main.o(.ARM.exidx.text.calculateSlope) refers to main.o(.text.calculateSlope) for [Anonymous Symbol]
    main.o(.ARM.exidx.text.calculateVariance) refers to main.o(.text.calculateVariance) for [Anonymous Symbol]
    main.o(.ARM.exidx.text.determineDirection) refers to main.o(.text.determineDirection) for [Anonymous Symbol]
    main.o(.text.calcul_k) refers to uart5.o(.bss.Dataprocess) for Dataprocess
    main.o(.text.calcul_k) refers to main.o(.rodata.str1.1) for .L.str
    main.o(.text.calcul_k) refers to main.o(.bss..L_MergedGlobals) for .L_MergedGlobals
    main.o(.text.calcul_k) refers to main.o(.text.determineDirection) for determineDirection
    main.o(.text.calcul_k) refers to system.o(.text.print_float) for print_float
    main.o(.text.calcul_k) refers to system.o(.text.print_int32_t) for print_int32_t
    main.o(.text.calcul_k) refers to system.o(.text.println) for println
    main.o(.ARM.exidx.text.calcul_k) refers to main.o(.text.calcul_k) for [Anonymous Symbol]
    main.o(.text.Task1) refers to main.o(.bss..L_MergedGlobals) for .L_MergedGlobals
    main.o(.text.Task1) refers to uart5.o(.bss.Uart5_Receive_buf) for Uart5_Receive_buf
    main.o(.text.Task1) refers to tasks.o(.text.vTaskSuspend) for vTaskSuspend
    main.o(.text.Task1) refers to uart5.o(.text.processData) for processData
[...]
    HAL_GetTick                              0x0800176d   Thumb Code    12  stm32f4xx_hal.o(.text.HAL_GetTick)
    HAL_I2C_Init                             0x08001779   Thumb Code   356  stm32f4xx_hal_i2c.o(.text.HAL_I2C_Init)
    HAL_I2C_Mem_Read                         0x080018dd   Thumb Code   600  stm32f4xx_hal_i2c.o(.text.HAL_I2C_Mem_Read)
    HAL_I2C_Mem_Write                        0x08001b35   Thumb Code   348  stm32f4xx_hal_i2c.o(.text.HAL_I2C_Mem_Write)
    HAL_I2C_MspInit                          0x08001c91   Thumb Code   108  i2c.o(.text.HAL_I2C_MspInit)
    HAL_IncTick                              0x08001cfd   Thumb Code    26  stm32f4xx_hal.o(.text.HAL_IncTick)
    HAL_Init                                 0x08001d19   Thumb Code    54  stm32f4xx_hal.o(.text.HAL_Init)
    HAL_InitTick                             0x08001d51   Thumb Code   180  stm32f4xx_hal_timebase_tim.o(.text.HAL_InitTick)
    HAL_MspInit                              0x08001e05   Thumb Code    56  stm32f4xx_hal_msp.o(.text.HAL_MspInit)
    HAL_NVIC_EnableIRQ                       0x08001e3d   Thumb Code    34  stm32f4xx_hal_cortex.o(.text.HAL_NVIC_EnableIRQ)
    HAL_NVIC_SetPriority                     0x08001e61   Thumb Code    86  stm32f4xx_hal_cortex.o(.text.HAL_NVIC_SetPriority)
    HAL_NVIC_SetPriorityGrouping             0x08001eb9   Thumb Code    32  stm32f4xx_hal_cortex.o(.text.HAL_NVIC_SetPriorityGrouping)
    HAL_RCC_ClockConfig                      0x08001ed9   Thumb Code   356  stm32f4xx_hal_rcc.o(.text.HAL_RCC_ClockConfig)
    HAL_RCC_GetClockConfig                   0x0800203d   Thumb Code    62  stm32f4xx_hal_rcc.o(.text.HAL_RCC_GetClockConfig)
    HAL_RCC_GetPCLK1Freq                     0x0800207d   Thumb Code    38  stm32f4xx_hal_rcc.o(.text.HAL_RCC_GetPCLK1Freq)
    HAL_RCC_GetPCLK2Freq                     0x080020a5   Thumb Code    38  stm32f4xx_hal_rcc.o(.text.HAL_RCC_GetPCLK2Freq)
    HAL_RCC_GetSysClockFreq                  0x080020cd   Thumb Code   108  stm32f4xx_hal_rcc.o(.text.HAL_RCC_GetSysClockFreq)
    HAL_RCC_OscConfig                        0x08002139   Thumb Code   944  stm32f4xx_hal_rcc.o(.text.HAL_RCC_OscConfig)
    HAL_TIMEx_BreakCallback                  0x080024e9   Thumb Code     2  stm32f4xx_hal_tim_ex.o(.text.HAL_TIMEx_BreakCallback)
    HAL_TIMEx_CommutCallback                 0x080024ed   Thumb Code     2  stm32f4xx_hal_tim_ex.o(.text.HAL_TIMEx_CommutCallback)
    HAL_TIMEx_ConfigBreakDeadTime            0x080024f1   Thumb Code    80  stm32f4xx_hal_tim_ex.o(.text.HAL_TIMEx_ConfigBreakDeadTime)
    HAL_TIMEx_MasterConfigSynchronization    0x08002541   Thumb Code   186  stm32f4xx_hal_tim_ex.o(.text.HAL_TIMEx_MasterConfigSynchronization)
    HAL_TIM_Base_Init                        0x080025fd   Thumb Code    90  stm32f4xx_hal_tim.o(.text.HAL_TIM_Base_Init)
    HAL_TIM_Base_MspInit                     0x08002659   Thumb Code   390  tim.o(.text.HAL_TIM_Base_MspInit)
    HAL_TIM_Base_Start_IT                    0x080027e1   Thumb Code   170  stm32f4xx_hal_tim.o(.text.HAL_TIM_Base_Start_IT)
    HAL_TIM_ConfigClockSource                0x0800288d   Thumb Code   416  stm32f4xx_hal_tim.o(.text.HAL_TIM_ConfigClockSource)
    HAL_TIM_Encoder_Init                     0x08002a2d   Thumb Code   178  stm32f4xx_hal_tim.o(.text.HAL_TIM_Encoder_Init)
    HAL_TIM_Encoder_MspInit                  0x08002ae1   Thumb Code   282  tim.o(.text.HAL_TIM_Encoder_MspInit)
    HAL_TIM_Encoder_Start                    0x08002bfd   Thumb Code   188  stm32f4xx_hal_tim.o(.text.HAL_TIM_Encoder_Start)
    HAL_TIM_IC_CaptureCallback               0x08002cb9   Thumb Code     2  stm32f4xx_hal_tim.o(.text.HAL_TIM_IC_CaptureCallback)
    HAL_TIM_IRQHandler                       0x08002cbd   Thumb Code   334  stm32f4xx_hal_tim.o(.text.HAL_TIM_IRQHandler)
    HAL_TIM_MspPostInit                      0x08002e0d   Thumb Code   356  tim.o(.text.HAL_TIM_MspPostInit)
    HAL_TIM_OC_DelayElapsedCallback          0x08002f71   Thumb Code     2  stm32f4xx_hal_tim.o(.text.HAL_TIM_OC_DelayElapsedCallback)
    HAL_TIM_PWM_ConfigChannel                0x08002f75   Thumb Code   548  stm32f4xx_hal_tim.o(.text.HAL_TIM_PWM_ConfigChannel)
    HAL_TIM_PWM_Init                         0x08003199   Thumb Code    90  stm32f4xx_hal_tim.o(.text.HAL_TIM_PWM_Init)
    HAL_TIM_PWM_MspInit                      0x080031f5   Thumb Code    52  tim.o(.text.HAL_TIM_PWM_MspInit)
    HAL_TIM_PWM_PulseFinishedCallback        0x08003229   Thumb Code     2  stm32f4xx_hal_tim.o(.text.HAL_TIM_PWM_PulseFinishedCallback)
    HAL_TIM_PWM_Start                        0x0800322d   Thumb Code   286  stm32f4xx_hal_tim.o(.text.HAL_TIM_PWM_Start)
    HAL_TIM_PeriodElapsedCallback            0x0800334d   Thumb Code   144  main.o(.text.HAL_TIM_PeriodElapsedCallback)
    HAL_TIM_TriggerCallback                  0x080033dd   Thumb Code     2  stm32f4xx_hal_tim.o(.text.HAL_TIM_TriggerCallback)
    HAL_UARTEx_RxEventCallback               0x080033e1   Thumb Code     2  stm32f4xx_hal_uart.o(.text.HAL_UARTEx_RxEventCallback)
    HAL_UART_ErrorCallback                   0x080033e5   Thumb Code     2  stm32f4xx_hal_uart.o(.text.HAL_UART_ErrorCallback)
    HAL_UART_IRQHandler                      0x080033e9   Thumb Code  1392  stm32f4xx_hal_uart.o(.text.HAL_UART_IRQHandler)
    HAL_UART_Init                            0x08003959   Thumb Code    96  stm32f4xx_hal_uart.o(.text.HAL_UART_Init)
    HAL_UART_MspInit                         0x080039b9   Thumb Code   512  usart.o(.text.HAL_UART_MspInit)
    HAL_UART_Receive_IT                      0x08003bb9   Thumb Code    84  stm32f4xx_hal_uart.o(.text.HAL_UART_Receive_IT)
    HAL_UART_RxCpltCallback                  0x08003c0d   Thumb Code   104  uart5.o(.text.HAL_UART_RxCpltCallback)
    HAL_UART_Transmit                        0x08003c75   Thumb Code   376  stm32f4xx_hal_uart.o(.text.HAL_UART_Transmit)
    HAL_UART_TxCpltCallback                  0x08003ded   Thumb Code     2  stm32f4xx_hal_uart.o(.text.HAL_UART_TxCpltCallback)
    HardFault_Handler                        0x08003df1   Thumb Code     2  stm32f4xx_it.o(.text.HardFault_Handler)
    Incremental_PI_A                         0x0800447d   Thumb Code   120  contor.o(.text.Incremental_PI_A)
    Incremental_PI_B                         0x080044fd   Thumb Code   120  contor.o(.text.Incremental_PI_B)
    MPU6050_DMP_Init                         0x0800457d   Thumb Code   174  mpu6050.o(.text.MPU6050_DMP_Init)
    MX_DMA_Init                              0x0800462d   Thumb Code    72  dma.o(.text.MX_DMA_Init)
    MX_GPIO_Init                             0x08004675   Thumb Code   248  gpio.o(.text.MX_GPIO_Init)
    MX_I2C2_Init                             0x0800476d   Thumb Code    66  i2c.o(.text.MX_I2C2_Init)
    MX_TIM10_Init                            0x080047b1   Thumb Code   130  tim.o(.text.MX_TIM10_Init)
    MX_TIM11_Init                            0x08004835   Thumb Code   130  tim.o(.text.MX_TIM11_Init)
    MX_TIM12_Init                            0x080048b9   Thumb Code    88  tim.o(.text.MX_TIM12_Init)
    MX_TIM2_Init                             0x08004911   Thumb Code   102  tim.o(.text.MX_TIM2_Init)
    MX_TIM3_Init                             0x08004979   Thumb Code   104  tim.o(.text.MX_TIM3_Init)
    MX_TIM4_Init                             0x080049e1   Thumb Code   202  tim.o(.text.MX_TIM4_Init)
    MX_TIM6_Init                             0x08004aad   Thumb Code    82  tim.o(.text.MX_TIM6_Init)
    MX_TIM7_Init                             0x08004b01   Thumb Code    82  tim.o(.text.MX_TIM7_Init)
    MX_TIM8_Init                             0x08004b55   Thumb Code   268  tim.o(.text.MX_TIM8_Init)
    MX_TIM9_Init                             0x08004c61   Thumb Code   132  tim.o(.text.MX_TIM9_Init)
    MX_UART5_Init                            0x08004ce5   Thumb Code    80  usart.o(.text.MX_UART5_Init)
    MX_USART2_UART_Init                      0x08004d35   Thumb Code    60  usart.o(.text.MX_USART2_UART_Init)
    MX_USART3_UART_Init                      0x08004d71   Thumb Code    60  usart.o(.text.MX_USART3_UART_Init)
    MemManage_Handler                        0x08004dad   Thumb Code     2  stm32f4xx_it.o(.text.MemManage_Handler)
    NMI_Handler                              0x08004db1   Thumb Code     2  stm32f4xx_it.o(.text.NMI_Handler)
    OLED_Clear                               0x08004db5   Thumb Code  1166  oled.o(.text.OLED_Clear)
    OLED_Display_On                          0x08005245   Thumb Code    30  oled.o(.text.OLED_Display_On)
    OLED_Init                                0x08005265   Thumb Code  1384  oled.o(.text.OLED_Init)
    OLED_Refresh_Gram                        0x080057cd   Thumb Code   368  oled.o(.text.OLED_Refresh_Gram)
    OLED_ShowChar                            0x0800593d   Thumb Code   508  oled.o(.text.OLED_ShowChar)
    OLED_ShowNumber                          0x08005b39   Thumb Code    88  oled.o(.text.OLED_ShowNumber)
    OLED_WR_Byte                             0x08005b95   Thumb Code   348  oled.o(.text.OLED_WR_Byte)
    PendSV_Handler                           0x08005cf1   Thumb Code   100  port.o(.text.PendSV_Handler)
    Robot_Init                               0x08005d55   Thumb Code    80  system.o(.text.Robot_Init)
    SVC_Handler                              0x08005db1   Thumb Code    36  port.o(.text.SVC_Handler)
    Set_Pwm                                  0x08005dd5   Thumb Code    88  contor.o(.text.Set_Pwm)
    StartupTask                              0x08005e2d   Thumb Code   116  main.o(.text.StartupTask)
    SysTick_Handler                          0x08005eb9   Thumb Code    46  port.o(.text.SysTick_Handler)
    SystemClock_Config                       0x08005ee9   Thumb Code   168  main.o(.text.SystemClock_Config)
    SystemInit                               0x08005f91   Thumb Code    18  system_stm32f4xx.o(.text.SystemInit)
    TIM1_UP_TIM10_IRQHandler                 0x08005fa5   Thumb Code    30  stm32f4xx_it.o(.text.TIM1_UP_TIM10_IRQHandler)
    TIM3_IRQHandler                          0x08005fc5   Thumb Code    12  stm32f4xx_it.o(.text.TIM3_IRQHandler)
    TIM7_IRQHandler                          0x08005fd1   Thumb Code    12  stm32f4xx_it.o(.text.TIM7_IRQHandler)
    TIM8_TRG_COM_TIM14_IRQHandler            0x08005fdd   Thumb Code    12  stm32f4xx_it.o(.text.TIM8_TRG_COM_TIM14_IRQHandler)
    TIM_Base_SetConfig                       0x08005fe9   Thumb Code   332  stm32f4xx_hal_tim.o(.text.TIM_Base_SetConfig)
    Task1                                    0x08006135   Thumb Code   176  main.o(.text.Task1)
    Task2                                    0x080061e9   Thumb Code   172  main.o(.text.Task2)
    Task3                                    0x080062b1   Thumb Code    68  main.o(.text.Task3)
    UART5_IRQHandler                         0x080062f5   Thumb Code    12  stm32f4xx_it.o(.text.UART5_IRQHandler)
    USART2_IRQHandler                        0x080064fd   Thumb Code    12  stm32f4xx_it.o(.text.USART2_IRQHandler)
    USART3_IRQHandler                        0x08006509   Thumb Code    12  stm32f4xx_it.o(.text.USART3_IRQHandler)
    UsageFault_Handler                       0x08006515   Thumb Code     2  stm32f4xx_it.o(.text.UsageFault_Handler)
    calcul_k                                 0x08006519   Thumb Code   560  main.o(.text.calcul_k)
    data_process                             0x08006751   Thumb Code   456  uart5.o(.text.data_process)
    determineDirection                       0x08006931   Thumb Code   404  main.o(.text.determineDirection)
    dmp_enable_feature                       0x08006ad9   Thumb Code   672  inv_mpu_dmp_motion_driver.o(.text.dmp_enable_feature)
    dmp_load_motion_driver_firmware          0x08006d79   Thumb Code    22  inv_mpu_dmp_motion_driver.o(.text.dmp_load_motion_driver_firmware)
    dmp_set_accel_bias                       0x08006d91   Thumb Code   194  inv_mpu_dmp_motion_driver.o(.text.dmp_set_accel_bias)
    dmp_set_fifo_rate                        0x08006e55   Thumb Code   112  inv_mpu_dmp_motion_driver.o(.text.dmp_set_fifo_rate)
    dmp_set_gyro_bias                        0x08006ec5   Thumb Code   224  inv_mpu_dmp_motion_driver.o(.text.dmp_set_gyro_bias)
    dmp_set_orientation                      0x08006fa5   Thumb Code   232  inv_mpu_dmp_motion_driver.o(.text.dmp_set_orientation)
    dmp_set_tap_thresh                       0x0800708d   Thumb Code   264  inv_mpu_dmp_motion_driver.o(.text.dmp_set_tap_thresh)
    main                                     0x08007629   Thumb Code   276  main.o(.text.main)
    mpu_configure_fifo                       0x0800774d   Thumb Code   204  inv_mpu.o(.text.mpu_configure_fifo)
    mpu_get_accel_fsr                        0x08007819   Thumb Code    54  inv_mpu.o(.text.mpu_get_accel_fsr)
    mpu_get_accel_sens                       0x08007851   Thumb Code    48  inv_mpu.o(.text.mpu_get_accel_sens)
    mpu_get_gyro_sens                        0x08007891   Thumb Code    32  inv_mpu.o(.text.mpu_get_gyro_sens)
    mpu_init                                 0x080078c1   Thumb Code   414  inv_mpu.o(.text.mpu_init)
    mpu_load_firmware                        0x08007a61   Thumb Code   454  inv_mpu.o(.text.mpu_load_firmware)
    mpu_lp_accel_mode                        0x08007c29   Thumb Code   666  inv_mpu.o(.text.mpu_lp_accel_mode)
    mpu_reset_fifo                           0x08007ec5   Thumb Code   528  inv_mpu.o(.text.mpu_reset_fifo)
    mpu_run_self_test                        0x080080d5   Thumb Code  2244  inv_mpu.o(.text.mpu_run_self_test)
    mpu_set_accel_fsr                        0x080089dd   Thumb Code   178  inv_mpu.o(.text.mpu_set_accel_fsr)
    mpu_set_bypass                           0x08008a91   Thumb Code   310  inv_mpu.o(.text.mpu_set_bypass)
    mpu_set_dmp_state                        0x08008bc9   Thumb Code   320  inv_mpu.o(.text.mpu_set_dmp_state)
    mpu_set_lpf                              0x08008d09   Thumb Code   180  inv_mpu.o(.text.mpu_set_lpf)
    mpu_set_sample_rate                      0x08008dbd   Thumb Code   254  inv_mpu.o(.text.mpu_set_sample_rate)
    mpu_set_sensors                          0x08008ebd   Thumb Code   300  inv_mpu.o(.text.mpu_set_sensors)
    mpu_write_mem                            0x08008fe9   Thumb Code   134  inv_mpu.o(.text.mpu_write_mem)
    polarToCartesian                         0x08009071   Thumb Code   518  uart5.o(.text.polarToCartesian)
    print_float                              0x08009279   Thumb Code    72  system.o(.text.print_float)
    print_int32_t                            0x080092c9   Thumb Code    68  system.o(.text.print_int32_t)
    println                                  0x0800930d   Thumb Code    50  system.o(.text.println)
    processData                              0x08009341   Thumb Code   506  uart5.o(.text.processData)
    pvPortMalloc                             0x08009c25   Thumb Code   480  heap_4.o(.text.pvPortMalloc)
    pvTaskIncrementMutexHeldCount            0x08009e05   Thumb Code    24  tasks.o(.text.pvTaskIncrementMutexHeldCount)
    pxPortInitialiseStack                    0x08009e1d   Thumb Code    36  port.o(.text.pxPortInitialiseStack)
    uxListRemove                             0x08009ed1   Thumb Code    34  list.o(.text.uxListRemove)
    vApplicationIdleHook                     0x08009ef5   Thumb Code     2  main.o(.text.vApplicationIdleHook)
    vApplicationMallocFailedHook             0x08009ef9   Thumb Code     2  main.o(.text.vApplicationMallocFailedHook)
    vApplicationStackOverflowHook            0x08009efd   Thumb Code     2  main.o(.text.vApplicationStackOverflowHook)
    vApplicationTickHook                     0x08009f01   Thumb Code     2  main.o(.text.vApplicationTickHook)
    vListInitialise                          0x08009f05   Thumb Code    22  list.o(.text.vListInitialise)
    vListInitialiseItem                      0x08009f1d   Thumb Code     6  list.o(.text.vListInitialiseItem)
    vListInsert                              0x08009f25   Thumb Code    98  list.o(.text.vListInsert)
    vListInsertEnd                           0x08009f89   Thumb Code    26  list.o(.text.vListInsertEnd)
    vPortEnterCritical                       0x08009fb9   Thumb Code    70  port.o(.text.vPortEnterCritical)
    vPortExitCritical                        0x0800a001   Thumb Code    46  port.o(.text.vPortExitCritical)
    vPortFree                                0x0800a031   Thumb Code   208  heap_4.o(.text.vPortFree)
    vPortSetupTimerInterrupt                 0x0800a101   Thumb Code    46  port.o(.text.vPortSetupTimerInterrupt)
    vQueueAddToRegistry                      0x0800a131   Thumb Code   176  queue.o(.text.vQueueAddToRegistry)
    vQueueWaitForMessageRestricted           0x0800a1e1   Thumb Code    82  queue.o(.text.vQueueWaitForMessageRestricted)
    vTaskDelay                               0x0800a235   Thumb Code   158  tasks.o(.text.vTaskDelay)
    vTaskDelete                              0x0800a2d5   Thumb Code   228  tasks.o(.text.vTaskDelete)
    vTaskMissedYield                         0x0800a3b9   Thumb Code    14  tasks.o(.text.vTaskMissedYield)
    vTaskPlaceOnEventList                    0x0800a3c9   Thumb Code    54  tasks.o(.text.vTaskPlaceOnEventList)
    vTaskPlaceOnEventListRestricted          0x0800a401   Thumb Code   142  tasks.o(.text.vTaskPlaceOnEventListRestricted)
    vTaskPriorityInherit                     0x0800a491   Thumb Code   148  tasks.o(.text.vTaskPriorityInherit)
    vTaskResume                              0x0800a525   Thumb Code   152  tasks.o(.text.vTaskResume)
    vTaskSetTimeOutState                     0x0800a5bd   Thumb Code    38  tasks.o(.text.vTaskSetTimeOutState)
    vTaskStartScheduler                      0x0800a5e5   Thumb Code   120  tasks.o(.text.vTaskStartScheduler)
    vTaskSuspend                             0x0800a665   Thumb Code   342  tasks.o(.text.vTaskSuspend)
    vTaskSuspendAll                          0x0800a7bd   Thumb Code    16  tasks.o(.text.vTaskSuspendAll)
    vTaskSwitchContext                       0x0800a7cd   Thumb Code   154  tasks.o(.text.vTaskSwitchContext)
    xPortStartScheduler                      0x0800a869   Thumb Code   334  port.o(.text.xPortStartScheduler)
    xQueueGenericCreate                      0x0800a9b9   Thumb Code   126  queue.o(.text.xQueueGenericCreate)
    xQueueGenericReceive                     0x0800aa39   Thumb Code   686  queue.o(.text.xQueueGenericReceive)
    xQueueGenericSend                        0x0800ace9   Thumb Code   700  queue.o(.text.xQueueGenericSend)
    xTaskCheckForTimeOut                     0x0800afa5   Thumb Code   134  tasks.o(.text.xTaskCheckForTimeOut)
    xTaskCreate                              0x0800b02d   Thumb Code   556  tasks.o(.text.xTaskCreate)
    xTaskGetSchedulerState                   0x0800b259   Thumb Code    30  tasks.o(.text.xTaskGetSchedulerState)
    xTaskGetTickCount                        0x0800b279   Thumb Code    12  tasks.o(.text.xTaskGetTickCount)
    xTaskIncrementTick                       0x0800b285   Thumb Code   276  tasks.o(.text.xTaskIncrementTick)
    xTaskPriorityDisinherit                  0x0800b399   Thumb Code   182  tasks.o(.text.xTaskPriorityDisinherit)
    xTaskRemoveFromEventList                 0x0800b451   Thumb Code   116  tasks.o(.text.xTaskRemoveFromEventList)
    xTaskResumeAll                           0x0800b4c5   Thumb Code   234  tasks.o(.text.xTaskResumeAll)
    xTimerCreateTimerTask                    0x0800b5b1   Thumb Code   136  timers.o(.text.xTimerCreateTimerTask)
    _btod_d2e                                0x0800b641   Thumb Code    62  btod.o(CL$$btod_d2e)
    _d2e_denorm_low                          0x0800b67f   Thumb Code    70  btod.o(CL$$btod_d2e_denorm_low)
    _d2e_norm_op1                            0x0800b6c5   Thumb Code    96  btod.o(CL$$btod_d2e_norm_op1)
    __btod_div_common                        0x0800b725   Thumb Code   696  btod.o(CL$$btod_div_common)
    _e2e                                     0x0800ba5d   Thumb Code   220  btod.o(CL$$btod_e2e)
    _btod_ediv                               0x0800bb39   Thumb Code    42  btod.o(CL$$btod_ediv)
    _btod_emul                               0x0800bb63   Thumb Code    42  btod.o(CL$$btod_emul)
    __btod_mult_common                       0x0800bb8d   Thumb Code   580  btod.o(CL$$btod_mult_common)
    __ARM_fpclassify                         0x0800bdd1   Thumb Code    48  fpclassify.o(i.__ARM_fpclassify)
    __ARM_fpclassifyf                        0x0800be01   Thumb Code    38  fpclassifyf.o(i.__ARM_fpclassifyf)
    __hardfp_cosf                            0x0800be29   Thumb Code   280  cosf.o(i.__hardfp_cosf)
    __hardfp_sinf                            0x0800bf79   Thumb Code   344  sinf.o(i.__hardfp_sinf)
    __hardfp_tan                             0x0800c109   Thumb Code   108  tan.o(i.__hardfp_tan)
    __ieee754_rem_pio2                       0x0800c189   Thumb Code   938  rred.o(i.__ieee754_rem_pio2)
    __kernel_poly                            0x0800c5c1   Thumb Code   248  poly.o(i.__kernel_poly)
    __kernel_tan                             0x0800c6b9   Thumb Code   764  tan_i.o(i.__kernel_tan)
    __mathlib_dbl_infnan                     0x0800ca09   Thumb Code    20  dunder.o(i.__mathlib_dbl_infnan)
    __mathlib_dbl_invalid                    0x0800ca21   Thumb Code    24  dunder.o(i.__mathlib_dbl_invalid)
    __mathlib_dbl_underflow                  0x0800ca41   Thumb Code    24  dunder.o(i.__mathlib_dbl_underflow)
    __mathlib_flt_infnan                     0x0800ca61   Thumb Code     6  funder.o(i.__mathlib_flt_infnan)
    __mathlib_flt_invalid                    0x0800ca69   Thumb Code    10  funder.o(i.__mathlib_flt_invalid)
    __mathlib_flt_underflow                  0x0800ca79   Thumb Code    10  funder.o(i.__mathlib_flt_underflow)
    __mathlib_rredf2                         0x0800ca89   Thumb Code   316  rredf.o(i.__mathlib_rredf2)
    _is_digit                                0x0800cbdd   Thumb Code    14  __printf_wp.o(i._is_digit)
    fabs                                     0x0800cbeb   Thumb Code    24  fabs.o(i.fabs)
    _get_lc_numeric                          0x0800cc05   Thumb Code    44  lc_numeric_c.o(locale$$code)
    __aeabi_dneg                             0x0800cc31   Thumb Code     0  basic.o(x$fpl$basic)
    _dneg                                    0x0800cc31   Thumb Code     6  basic.o(x$fpl$basic)
    __aeabi_fneg                             0x0800cc37   Thumb Code     0  basic.o(x$fpl$basic)
    _fneg                                    0x0800cc37   Thumb Code     6  basic.o(x$fpl$basic)
    _dabs                                    0x0800cc3d   Thumb Code     6  basic.o(x$fpl$basic)
    _fabs                                    0x0800cc43   Thumb Code     6  basic.o(x$fpl$basic)
    __aeabi_d2f                              0x0800cc49   Thumb Code     0  d2f.o(x$fpl$d2f)
    _d2f                                     0x0800cc49   Thumb Code    98  d2f.o(x$fpl$d2f)
    __aeabi_dadd                             0x0800ccad   Thumb Code     0  daddsub_clz.o(x$fpl$dadd)
    _dadd                                    0x0800ccad   Thumb Code   332  daddsub_clz.o(x$fpl$dadd)
    __aeabi_ddiv                             0x0800cdfd   Thumb Code     0  ddiv.o(x$fpl$ddiv)
    _ddiv                                    0x0800cdfd   Thumb Code   556  ddiv.o(x$fpl$ddiv)
    __aeabi_d2iz                             0x0800d0b1   Thumb Code     0  dfix.o(x$fpl$dfix)
    _dfix                                    0x0800d0b1   Thumb Code    94  dfix.o(x$fpl$dfix)
    __aeabi_i2d                              0x0800d10f   Thumb Code     0  dflt_clz.o(x$fpl$dflt)
    _dflt                                    0x0800d10f   Thumb Code    46  dflt_clz.o(x$fpl$dflt)
    __aeabi_ui2d                             0x0800d13d   Thumb Code     0  dflt_clz.o(x$fpl$dfltu)
    _dfltu                                   0x0800d13d   Thumb Code    38  dflt_clz.o(x$fpl$dfltu)
    __aeabi_dmul                             0x0800d165   Thumb Code     0  dmul.o(x$fpl$dmul)
    _dmul                                    0x0800d165   Thumb Code   332  dmul.o(x$fpl$dmul)
    __fpl_dnaninf                            0x0800d2b9   Thumb Code   156  dnaninf.o(x$fpl$dnaninf)
    __fpl_dretinf                            0x0800d355   Thumb Code    12  dretinf.o(x$fpl$dretinf)
    __aeabi_drsub                            0x0800d361   Thumb Code     0  daddsub_clz.o(x$fpl$drsb)
    _drsb                                    0x0800d361   Thumb Code    22  daddsub_clz.o(x$fpl$drsb)
    __aeabi_dsub                             0x0800d379   Thumb Code     0  daddsub_clz.o(x$fpl$dsub)
    _dsub                                    0x0800d379   Thumb Code   472  daddsub_clz.o(x$fpl$dsub)
    __aeabi_f2d                              0x0800d555   Thumb Code     0  f2d.o(x$fpl$f2d)
    _f2d                                     0x0800d555   Thumb Code    86  f2d.o(x$fpl$f2d)
    __fpl_fnaninf                            0x0800d5ab   Thumb Code   140  fnaninf.o(x$fpl$fnaninf)
    _fp_init                                 0x0800d637   Thumb Code    26  fpinit.o(x$fpl$fpinit)
    __fplib_config_fpu_vfp                   0x0800d64f   Thumb Code     0  fpinit.o(x$fpl$fpinit)
    __fplib_config_pureend_doubles           0x0800d64f   Thumb Code     0  fpinit.o(x$fpl$fpinit)
    __fpl_fretinf                            0x0800d651   Thumb Code    10  fretinf.o(x$fpl$fretinf)
    _printf_fp_dec                           0x0800d65b   Thumb Code     4  printf1.o(x$fpl$printf1)
    __I$use$fp                               0x0800d65e   Number         0  usenofp.o(x$fpl$usenofp)
    AHBPrescTable                            0x0800d84a   Data          16  system_stm32f4xx.o(.rodata.AHBPrescTable)
    APBPrescTable                            0x0800d85a   Data           8  system_stm32f4xx.o(.rodata.APBPrescTable)
    hw                                       0x0800e468   Data          12  inv_mpu.o(.rodata.hw)
    oled_asc2_1206                           0x0800e474   Data        1140  oled.o(.rodata.oled_asc2_1206)
    oled_asc2_1608                           0x0800e8e8   Data        1520  oled.o(.rodata.oled_asc2_1608)
    reg                                      0x0800eed8   Data          30  inv_mpu.o(.rodata.reg)
    test                                     0x0800ef00   Data          40  inv_mpu.o(.rodata.test)
    Region$$Table$$Base                      0x0800ef28   Number         0  anon$$obj.o(Region$$Table)
    Region$$Table$$Limit                     0x0800ef48   Number         0  anon$$obj.o(Region$$Table)
    uwTickFreq                               0x20000000   Data           1  stm32f4xx_hal.o(.data..L_MergedGlobals)
    uwTickPrio                               0x20000004   Data           4  stm32f4xx_hal.o(.data..L_MergedGlobals)
    SystemCoreClock                          0x20000008   Data           4  system_stm32f4xx.o(.data.SystemCoreClock)
    Velocity_KI                              0x2000000c   Data           4  system.o(.data.Velocity_KI)
    Velocity_KP                              0x20000010   Data           4  system.o(.data.Velocity_KP)
    __libspace_start                         0x20000048   Data          96  libspace.o(.bss)
    __temporary_stack_top$libspace           0x200000a8   Data           0  libspace.o(.bss)
    data_ready_flag                          0x200000a8   Data           1  main.o(.bss..L_MergedGlobals)
    Task1Handle                              0x200000ac   Data           4  main.o(.bss..L_MergedGlobals)
    Task2Handle                              0x200000b0   Data           4  main.o(.bss..L_MergedGlobals)
    Task3Handle                              0x200000b4   Data           4  main.o(.bss..L_MergedGlobals)
    distance                                 0x200000b8   Data           4  main.o(.bss..L_MergedGlobals)
    direction_id                             0x200000bc   Data           4  main.o(.bss..L_MergedGlobals)
    dir                                      0x200000c0   Data          20  main.o(.bss..L_MergedGlobals)
    Encoder_precision                        0x200000e4   Data           4  system.o(.bss..L_MergedGlobals)
    Wheel_perimeter                          0x200000e8   Data           4  system.o(.bss..L_MergedGlobals)
    Wheel_spacing                            0x200000ec   Data           4  system.o(.bss..L_MergedGlobals)
    Axle_spacing                             0x200000f0   Data           4  system.o(.bss..L_MergedGlobals)
    Robot_Parament                           0x200000f4   Data          20  system.o(.bss..L_MergedGlobals)
    data_cnt                                 0x2000011c   Data           4  uart5.o(.bss..L_MergedGlobals)
    Pack_Data                                0x20000120   Data          58  uart5.o(.bss..L_MergedGlobals)
    pxCurrentTCB                             0x2000015c   Data           4  tasks.o(.bss..L_MergedGlobals)
    Dataprocess                              0x20000258   Data         736  uart5.o(.bss.Dataprocess)
    MOTOR_A                                  0x20000538   Data          20  system.o(.bss.MOTOR_A)
    MOTOR_B                                  0x2000054c   Data          20  system.o(.bss.MOTOR_B)
    OLED_GRAM                                0x20000560   Data        1024  oled.o(.bss.OLED_GRAM)
    Servo                                    0x20000960   Data           4  system.o(.bss.Servo)
    StartupTaskHandle                        0x20000964   Data           4  main.o(.bss.StartupTaskHandle)
    Uart5_Receive_buf                        0x20000968   Data           1  uart5.o(.bss.Uart5_Receive_buf)
    hdma_usart2_rx                           0x20000974   Data          96  usart.o(.bss.hdma_usart2_rx)
    hdma_usart2_tx                           0x200009d4   Data          96  usart.o(.bss.hdma_usart2_tx)
    hi2c2                                    0x20000a34   Data          84  i2c.o(.bss.hi2c2)
    htim1                                    0x20000a88   Data          72  stm32f4xx_hal_timebase_tim.o(.bss.htim1)
    htim10                                   0x20000ad0   Data          72  tim.o(.bss.htim10)
    htim11                                   0x20000b18   Data          72  tim.o(.bss.htim11)
    htim12                                   0x20000b60   Data          72  tim.o(.bss.htim12)
    htim2                                    0x20000ba8   Data          72  tim.o(.bss.htim2)
    htim3                                    0x20000bf0   Data          72  tim.o(.bss.htim3)
    htim4                                    0x20000c38   Data          72  tim.o(.bss.htim4)
    htim6                                    0x20000c80   Data          72  tim.o(.bss.htim6)
    htim7                                    0x20000cc8   Data          72  tim.o(.bss.htim7)
    htim8                                    0x20000d10   Data          72  tim.o(.bss.htim8)
    htim9                                    0x20000d58   Data          72  tim.o(.bss.htim9)
    huart2                                   0x20000da0   Data          72  usart.o(.bss.huart2)
    huart3                                   0x20000de8   Data          72  usart.o(.bss.huart3)
    huart5                                   0x20000e30   Data          72  usart.o(.bss.huart5)
    uart5_data_buffer                        0x20000edc   Data         120  main.o(.bss.uart5_data_buffer)
    uart5_data_index                         0x20000f54   Data           1  main.o(.bss.uart5_data_index)
    uwTick                                   0x20013b58   Data           4  stm32f4xx_hal.o(.bss.uwTick)
    xQueueRegistry                           0x20013b5c   Data          64  queue.o(.bss.xQueueRegistry)



==============================================================================

Memory Map of the image

  Image Entry point : 0x08000189

  Load Region LR_IROM1 (Base: 0x08000000, Size: 0x0000efb0, Max: 0x00080000, ABSOLUTE)

    Execution Region ER_IROM1 (Exec base: 0x08000000, Load base: 0x08000000, Size: 0x0000ef64, Max: 0x00080000, ABSOLUTE)

    Exec Addr    Load Addr    Size         Type   Attr      Idx    E Section Name        Object

    0x08000000   0x08000000   0x00000188   Data   RO            3    RESET               startup_stm32f407xx.o
    0x08000188   0x08000188   0x00000008   Code   RO         1926  * !!!main             c_w.l(__main.o)
    0x08000190   0x08000190   0x0000005c   Code   RO         2389    !!!scatter          c_w.l(__scatter.o)
    0x080001ec   0x080001ec   0x0000001a   Code   RO         2393    !!handler_copy      c_w.l(__scatter_copy.o)
    0x08000206   0x08000206   0x00000002   PAD
    0x08000208   0x08000208   0x00000002   Code   RO         2390    !!handler_null      c_w.l(__scatter.o)
    0x0800020a   0x0800020a   0x00000002   PAD
    0x0800020c   0x0800020c   0x0000001c   Code   RO         2395    !!handler_zi        c_w.l(__scatter_zi.o)
    0x08000228   0x08000228   0x00000000   Code   RO         1915    .ARM.Collect$$_printf_percent$$00000000  c_w.l(_printf_percent.o)
    0x08000228   0x08000228   0x00000006   Code   RO         1914    .ARM.Collect$$_printf_percent$$00000003  c_w.l(_printf_f.o)
    0x0800022e   0x0800022e   0x00000006   Code   RO         1913    .ARM.Collect$$_printf_percent$$00000009  c_w.l(_printf_d.o)
    0x08000234   0x08000234   0x00000004   Code   RO         2051    .ARM.Collect$$_printf_percent$$00000017  c_w.l(_printf_percent_end.o)
    0x08000238   0x08000238   0x00000002   Code   RO         2322    .ARM.Collect$$libinit$$00000000  c_w.l(libinit.o)
    0x0800023a   0x0800023a   0x00000004   Code   RO         2060    .ARM.Collect$$libinit$$00000001  c_w.l(libinit2.o)
    0x0800023e   0x0800023e   0x00000000   Code   RO         2063    .ARM.Collect$$libinit$$00000004  c_w.l(libinit2.o)
    0x0800023e   0x0800023e   0x00000000   Code   RO         2065    .ARM.Collect$$libinit$$00000006  c_w.l(libinit2.o)
    0x0800023e   0x0800023e   0x00000000   Code   RO         2068    .ARM.Collect$$libinit$$0000000C  c_w.l(libinit2.o)
    0x0800023e   0x0800023e   0x00000000   Code   RO         2070    .ARM.Collect$$libinit$$0000000E  c_w.l(libinit2.o)
    0x0800023e   0x0800023e   0x00000000   Code   RO         2072    .ARM.Collect$$libinit$$00000010  c_w.l(libinit2.o)
    0x0800023e   0x0800023e   0x00000006   Code   RO         2073    .ARM.Collect$$libinit$$00000011  c_w.l(libinit2.o)
    0x08000244   0x08000244   0x00000000   Code   RO         2075    .ARM.Collect$$libinit$$00000013  c_w.l(libinit2.o)
    0x08000244   0x08000244   0x00000000   Code   RO         2077    .ARM.Collect$$libinit$$00000015  c_w.l(libinit2.o)
    0x08000244   0x08000244   0x00000000   Code   RO         2079    .ARM.Collect$$libinit$$00000017  c_w.l(libinit2.o)
    0x08000244   0x08000244   0x0000000a   Code   RO         2080    .ARM.Collect$$libinit$$00000018  c_w.l(libinit2.o)
    0x0800024e   0x0800024e   0x00000000   Code   RO         2081    .ARM.Collect$$libinit$$00000019  c_w.l(libinit2.o)
    0x0800024e   0x0800024e   0x00000000   Code   RO         2083    .ARM.Collect$$libinit$$0000001B  c_w.l(libinit2.o)
    0x0800024e   0x0800024e   0x00000000   Code   RO         2085    .ARM.Collect$$libinit$$0000001D  c_w.l(libinit2.o)
    0x0800024e   0x0800024e   0x00000000   Code   RO         2087    .ARM.Collect$$libinit$$0000001F  c_w.l(libinit2.o)
    0x0800024e   0x0800024e   0x00000000   Code   RO         2089    .ARM.Collect$$libinit$$00000021  c_w.l(libinit2.o)
    0x0800024e   0x0800024e   0x00000000   Code   RO         2091    .ARM.Collect$$libinit$$00000023  c_w.l(libinit2.o)
    0x0800024e   0x0800024e   0x00000000   Code   RO         2093    .ARM.Collect$$libinit$$00000025  c_w.l(libinit2.o)
    0x0800024e   0x0800024e   0x00000000   Code   RO         2095    .ARM.Collect$$libinit$$00000027  c_w.l(libinit2.o)
    0x0800024e   0x0800024e   0x00000000   Code   RO         2099    .ARM.Collect$$libinit$$0000002E  c_w.l(libinit2.o)
    0x0800024e   0x0800024e   0x00000000   Code   RO         2101    .ARM.Collect$$libinit$$00000030  c_w.l(libinit2.o)
    0x0800024e   0x0800024e   0x00000000   Code   RO         2103    .ARM.Collect$$libinit$$00000032  c_w.l(libinit2.o)
    0x0800024e   0x0800024e   0x00000000   Code   RO         2105    .ARM.Collect$$libinit$$00000034  c_w.l(libinit2.o)
    0x0800024e   0x0800024e   0x00000002   Code   RO         2106    .ARM.Collect$$libinit$$00000035  c_w.l(libinit2.o)
    0x08000250   0x08000250   0x00000002   Code   RO         2386    .ARM.Collect$$libshutdown$$00000000  c_w.l(libshutdown.o)
    0x08000252   0x08000252   0x00000000   Code   RO         2342    .ARM.Collect$$libshutdown$$00000002  c_w.l(libshutdown2.o)
    0x08000252   0x08000252   0x00000000   Code   RO         2344    .ARM.Collect$$libshutdown$$00000004  c_w.l(libshutdown2.o)
    0x08000252   0x08000252   0x00000000   Code   RO         2347    .ARM.Collect$$libshutdown$$00000007  c_w.l(libshutdown2.o)
    0x08000252   0x08000252   0x00000000   Code   RO         2350    .ARM.Collect$$libshutdown$$0000000A  c_w.l(libshutdown2.o)
    0x08000252   0x08000252   0x00000000   Code   RO         2352    .ARM.Collect$$libshutdown$$0000000C  c_w.l(libshutdown2.o)
    0x08000252   0x08000252   0x00000000   Code   RO         2355    .ARM.Collect$$libshutdown$$0000000F  c_w.l(libshutdown2.o)
    0x08000252   0x08000252   0x00000002   Code   RO         2356    .ARM.Collect$$libshutdown$$00000010  c_w.l(libshutdown2.o)
    0x08000254   0x08000254   0x00000000   Code   RO         2009    .ARM.Collect$$rtentry$$00000000  c_w.l(__rtentry.o)
    0x08000254   0x08000254   0x00000000   Code   RO         2203    .ARM.Collect$$rtentry$$00000002  c_w.l(__rtentry2.o)
    0x08000254   0x08000254   0x00000006   Code   RO         2215    .ARM.Collect$$rtentry$$00000004  c_w.l(__rtentry4.o)
    0x0800025a   0x0800025a   0x00000000   Code   RO         2205    .ARM.Collect$$rtentry$$00000009  c_w.l(__rtentry2.o)
    0x0800025a   0x0800025a   0x00000004   Code   RO         2206    .ARM.Collect$$rtentry$$0000000A  c_w.l(__rtentry2.o)
    0x0800025e   0x0800025e   0x00000000   Code   RO         2208    .ARM.Collect$$rtentry$$0000000C  c_w.l(__rtentry2.o)
    0x0800025e   0x0800025e   0x00000008   Code   RO         2209    .ARM.Collect$$rtentry$$0000000D  c_w.l(__rtentry2.o)
    0x08000266   0x08000266   0x00000002   Code   RO         2327    .ARM.Collect$$rtexit$$00000000  c_w.l(rtexit.o)
    0x08000268   0x08000268   0x00000000   Code   RO         2362    .ARM.Collect$$rtexit$$00000002  c_w.l(rtexit2.o)
    0x08000268   0x08000268   0x00000004   Code   RO         2363    .ARM.Collect$$rtexit$$00000003  c_w.l(rtexit2.o)
    0x0800026c   0x0800026c   0x00000006   Code   RO         2364    .ARM.Collect$$rtexit$$00000004  c_w.l(rtexit2.o)
    0x08000272   0x08000272   0x00000002   PAD
    0x08000274   0x08000274   0x00000040   Code   RO            4    .text               startup_stm32f407xx.o
    0x080002b4   0x080002b4   0x000000f0   Code   RO         1877    .text               c_w.l(lludivv7m.o)
    0x080003a4   0x080003a4   0x00000074   Code   RO         1879    .text               c_w.l(llsdiv.o)
    0x08000418   0x08000418   0x00000028   Code   RO         1885    .text               c_w.l(noretval__2sprintf.o)
    0x08000440   0x08000440   0x00000040   Code   RO         1887    .text               c_w.l(noretval__2snprintf.o)
    0x08000480   0x08000480   0x00000078   Code   RO         1891    .text               c_w.l(_printf_dec.o)
    0x080004f8   0x080004f8   0x0000010e   Code   RO         1901    .text               c_w.l(__printf_wp.o)
    0x08000606   0x08000606   0x00000058   Code   RO         1916    .text               c_w.l(memcmp.o)
    0x0800065e   0x0800065e   0x0000003e   Code   RO         1918    .text               c_w.l(strlen.o)
    0x0800069c   0x0800069c   0x0000008a   Code   RO         1920    .text               c_w.l(rt_memcpy_v6.o)
    0x08000726   0x08000726   0x00000010   Code   RO         1922    .text               c_w.l(aeabi_memset4.o)
    0x08000736   0x08000736   0x00000006   Code   RO         1924    .text               c_w.l(heapauxi.o)
    0x0800073c   0x0800073c   0x00000016   Code   RO         2037    .text               c_w.l(_rserrno.o)
    0x08000752   0x08000752   0x000000b2   Code   RO         2039    .text               c_w.l(_printf_intcommon.o)
    0x08000804   0x08000804   0x0000041c   Code   RO         2041    .text               c_w.l(_printf_fp_dec.o)
    0x08000c20   0x08000c20   0x00000030   Code   RO         2045    .text               c_w.l(_printf_char_common.o)
    0x08000c50   0x08000c50   0x0000000a   Code   RO         2047    .text               c_w.l(_sputc.o)
    0x08000c5a   0x08000c5a   0x00000010   Code   RO         2049    .text               c_w.l(_snputc.o)
    0x08000c6a   0x08000c6a   0x00000064   Code   RO         2052    .text               c_w.l(rt_memcpy_w.o)
    0x08000cce   0x08000cce   0x0000004e   Code   RO         2056    .text               c_w.l(rt_memclr_w.o)
    0x08000d1c   0x08000d1c   0x00000008   Code   RO         2199    .text               c_w.l(libspace.o)
    0x08000d24   0x08000d24   0x00000008   Code   RO         2222    .text               c_w.l(rt_locale_intlibspace.o)
    0x08000d2c   0x08000d2c   0x00000008   Code   RO         2227    .text               c_w.l(rt_errno_addr_intlibspace.o)
    0x08000d34   0x08000d34   0x0000008a   Code   RO         2237    .text               c_w.l(lludiv10.o)
    0x08000dbe   0x08000dbe   0x00000002   PAD
    0x08000dc0   0x08000dc0   0x00000080   Code   RO         2239    .text               c_w.l(_printf_fp_infnan.o)
    0x08000e40   0x08000e40   0x000000e4   Code   RO         2243    .text               c_w.l(bigflt0.o)
    0x08000f24   0x08000f24   0x00000002   Code   RO         2290    .text               c_w.l(use_no_semi.o)
    0x08000f26   0x08000f26   0x00000000   Code   RO         2292    .text               c_w.l(indicate_semi.o)
    0x08000f26   0x08000f26   0x0000004a   Code   RO         2293    .text               c_w.l(sys_stackheap_outer.o)
    0x08000f70   0x08000f70   0x00000012   Code   RO         2301    .text               c_w.l(exit.o)
    0x08000f82   0x08000f82   0x00000006   PAD
    0x08000f88   0x08000f88   0x0000007c   Code   RO         2311    .text               c_w.l(strcmpv7em.o)
    0x08001004   0x08001004   0x0000000c   Code   RO         2323    .text               c_w.l(sys_exit.o)
    0x08001010   0x08001010   0x00000002   Code   RO          175    .text.BusFault_Handler  stm32f4xx_it.o
    0x08001012   0x08001012   0x00000002   PAD
    0x08001014   0x08001014   0x0000000c   Code   RO          181    .text.DMA1_Stream5_IRQHandler  stm32f4xx_it.o
    0x08001020   0x08001020   0x0000000c   Code   RO          183    .text.DMA1_Stream6_IRQHandler  stm32f4xx_it.o
    0x0800102c   0x0800102c   0x00000002   Code   RO          179    .text.DebugMon_Handler  stm32f4xx_it.o
    0x0800102e   0x0800102e   0x00000002   PAD
    0x08001030   0x08001030   0x00000188   Code   RO         1242    .text.Drive_Motor   contor.o
    0x080011b8   0x080011b8   0x00000006   Code   RO           41    .text.Error_Handler  main.o
    0x080011be   0x080011be   0x00000002   PAD
    0x080011c0   0x080011c0   0x0000008e   Code   RO          524    .text.HAL_DMA_Abort  stm32f4xx_hal_dma.o
    0x0800124e   0x0800124e   0x00000002   PAD
    0x08001250   0x08001250   0x00000024   Code   RO          526    .text.HAL_DMA_Abort_IT  stm32f4xx_hal_dma.o
    0x08001274   0x08001274   0x000001c0   Code   RO          530    .text.HAL_DMA_IRQHandler  stm32f4xx_hal_dma.o
    0x08001434   0x08001434   0x00000162   Code   RO          516    .text.HAL_DMA_Init  stm32f4xx_hal_dma.o
    0x08001596   0x08001596   0x00000002   PAD
    0x08001598   0x08001598   0x00000028   Code   RO          679    .text.HAL_Delay     stm32f4xx_hal.o
    0x080015c0   0x080015c0   0x0000019e   Code   RO          478    .text.HAL_GPIO_Init  stm32f4xx_hal_gpio.o
    0x0800175e   0x0800175e   0x00000002   PAD
    0x08001760   0x08001760   0x0000000a   Code   RO          484    .text.HAL_GPIO_WritePin  stm32f4xx_hal_gpio.o
    0x0800176a   0x0800176a   0x00000002   PAD
    0x0800176c   0x0800176c   0x0000000c   Code   RO          671    .text.HAL_GetTick   stm32f4xx_hal.o
    0x08001778   0x08001778   0x00000164   Code   RO          229    .text.HAL_I2C_Init  stm32f4xx_hal_i2c.o
    0x080018dc   0x080018dc   0x00000258   Code   RO          277    .text.HAL_I2C_Mem_Read  stm32f4xx_hal_i2c.o
    0x08001b34   0x08001b34   0x0000015c   Code   RO          273    .text.HAL_I2C_Mem_Write  stm32f4xx_hal_i2c.o
    0x08001c90   0x08001c90   0x0000006c   Code   RO           81    .text.HAL_I2C_MspInit  i2c.o
    0x08001cfc   0x08001cfc   0x0000001a   Code   RO          669    .text.HAL_IncTick   stm32f4xx_hal.o
    0x08001d16   0x08001d16   0x00000002   PAD
    0x08001d18   0x08001d18   0x00000036   Code   RO          659    .text.HAL_Init      stm32f4xx_hal.o
    0x08001d4e   0x08001d4e   0x00000002   PAD
    0x08001d50   0x08001d50   0x000000b4   Code   RO          214    .text.HAL_InitTick  stm32f4xx_hal_timebase_tim.o
    0x08001e04   0x08001e04   0x00000038   Code   RO          206    .text.HAL_MspInit   stm32f4xx_hal_msp.o
    0x08001e3c   0x08001e3c   0x00000022   Code   RO          615    .text.HAL_NVIC_EnableIRQ  stm32f4xx_hal_cortex.o
    0x08001e5e   0x08001e5e   0x00000002   PAD
    0x08001e60   0x08001e60   0x00000056   Code   RO          613    .text.HAL_NVIC_SetPriority  stm32f4xx_hal_cortex.o
    0x08001eb6   0x08001eb6   0x00000002   PAD
    0x08001eb8   0x08001eb8   0x00000020   Code   RO          611    .text.HAL_NVIC_SetPriorityGrouping  stm32f4xx_hal_cortex.o
    0x08001ed8   0x08001ed8   0x00000164   Code   RO          372    .text.HAL_RCC_ClockConfig  stm32f4xx_hal_rcc.o
    0x0800203c   0x0800203c   0x0000003e   Code   RO          390    .text.HAL_RCC_GetClockConfig  stm32f4xx_hal_rcc.o
    0x0800207a   0x0800207a   0x00000002   PAD
    0x0800207c   0x0800207c   0x00000026   Code   RO          384    .text.HAL_RCC_GetPCLK1Freq  stm32f4xx_hal_rcc.o
    0x080020a2   0x080020a2   0x00000002   PAD
    0x080020a4   0x080020a4   0x00000026   Code   RO          386    .text.HAL_RCC_GetPCLK2Freq  stm32f4xx_hal_rcc.o
    0x080020ca   0x080020ca   0x00000002   PAD
    0x080020cc   0x080020cc   0x0000006c   Code   RO          374    .text.HAL_RCC_GetSysClockFreq  stm32f4xx_hal_rcc.o
    0x08002138   0x08002138   0x000003b0   Code   RO          370    .text.HAL_RCC_OscConfig  stm32f4xx_hal_rcc.o
    0x080024e8   0x080024e8   0x00000002   Code   RO         1054    .text.HAL_TIMEx_BreakCallback  stm32f4xx_hal_tim_ex.o
    0x080024ea   0x080024ea   0x00000002   PAD
    0x080024ec   0x080024ec   0x00000002   Code   RO         1050    .text.HAL_TIMEx_CommutCallback  stm32f4xx_hal_tim_ex.o
    0x080024ee   0x080024ee   0x00000002   PAD
    0x080024f0   0x080024f0   0x00000050   Code   RO         1046    .text.HAL_TIMEx_ConfigBreakDeadTime  stm32f4xx_hal_tim_ex.o
    0x08002540   0x08002540   0x000000ba   Code   RO         1044    .text.HAL_TIMEx_MasterConfigSynchronization  stm32f4xx_hal_tim_ex.o
    0x080025fa   0x080025fa   0x00000002   PAD
    0x080025fc   0x080025fc   0x0000005a   Code   RO          749    .text.HAL_TIM_Base_Init  stm32f4xx_hal_tim.o
    0x08002656   0x08002656   0x00000002   PAD
    0x08002658   0x08002658   0x00000186   Code   RO          118    .text.HAL_TIM_Base_MspInit  tim.o
    0x080027de   0x080027de   0x00000002   PAD
    0x080027e0   0x080027e0   0x000000aa   Code   RO          763    .text.HAL_TIM_Base_Start_IT  stm32f4xx_hal_tim.o
    0x0800288a   0x0800288a   0x00000002   PAD
    0x0800288c   0x0800288c   0x000001a0   Code   RO          929    .text.HAL_TIM_ConfigClockSource  stm32f4xx_hal_tim.o
    0x08002a2c   0x08002a2c   0x000000b2   Code   RO          863    .text.HAL_TIM_Encoder_Init  stm32f4xx_hal_tim.o
    0x08002ade   0x08002ade   0x00000002   PAD
    0x08002ae0   0x08002ae0   0x0000011a   Code   RO          116    .text.HAL_TIM_Encoder_MspInit  tim.o
    0x08002bfa   0x08002bfa   0x00000002   PAD
    0x08002bfc   0x08002bfc   0x000000bc   Code   RO          871    .text.HAL_TIM_Encoder_Start  stm32f4xx_hal_tim.o
    0x08002cb8   0x08002cb8   0x00000002   Code   RO          885    .text.HAL_TIM_IC_CaptureCallback  stm32f4xx_hal_tim.o
    0x08002cba   0x08002cba   0x00000002   PAD
    0x08002cbc   0x08002cbc   0x0000014e   Code   RO          883    .text.HAL_TIM_IRQHandler  stm32f4xx_hal_tim.o
    0x08002e0a   0x08002e0a   0x00000002   PAD
    0x08002e0c   0x08002e0c   0x00000164   Code   RO          100    .text.HAL_TIM_MspPostInit  tim.o
    0x08002f70   0x08002f70   0x00000002   Code   RO          887    .text.HAL_TIM_OC_DelayElapsedCallback  stm32f4xx_hal_tim.o
    0x08002f72   0x08002f72   0x00000002   PAD
    0x08002f74   0x08002f74   0x00000224   Code   RO          903    .text.HAL_TIM_PWM_ConfigChannel  stm32f4xx_hal_tim.o
    0x08003198   0x08003198   0x0000005a   Code   RO          803    .text.HAL_TIM_PWM_Init  stm32f4xx_hal_tim.o
    0x080031f2   0x080031f2   0x00000002   PAD
    0x080031f4   0x080031f4   0x00000034   Code   RO          120    .text.HAL_TIM_PWM_MspInit  tim.o
    0x08003228   0x08003228   0x00000002   Code   RO          889    .text.HAL_TIM_PWM_PulseFinishedCallback  stm32f4xx_hal_tim.o
    0x0800322a   0x0800322a   0x00000002   PAD
    0x0800322c   0x0800322c   0x0000011e   Code   RO          811    .text.HAL_TIM_PWM_Start  stm32f4xx_hal_tim.o
    0x0800334a   0x0800334a   0x00000002   PAD
    0x0800334c   0x0800334c   0x00000090   Code   RO           43    .text.HAL_TIM_PeriodElapsedCallback  main.o
    0x080033dc   0x080033dc   0x00000002   Code   RO          893    .text.HAL_TIM_TriggerCallback  stm32f4xx_hal_tim.o
    0x080033de   0x080033de   0x00000002   PAD
    0x080033e0   0x080033e0   0x00000002   Code   RO         1154    .text.HAL_UARTEx_RxEventCallback  stm32f4xx_hal_uart.o
    0x080033e2   0x080033e2   0x00000002   PAD
    0x080033e4   0x080033e4   0x00000002   Code   RO         1152    .text.HAL_UART_ErrorCallback  stm32f4xx_hal_uart.o
    0x080033e6   0x080033e6   0x00000002   PAD
    0x080033e8   0x080033e8   0x00000570   Code   RO         1146    .text.HAL_UART_IRQHandler  stm32f4xx_hal_uart.o
    0x08003958   0x08003958   0x00000060   Code   RO         1068    .text.HAL_UART_Init  stm32f4xx_hal_uart.o
    0x080039b8   0x080039b8   0x00000200   Code   RO          152    .text.HAL_UART_MspInit  usart.o
    0x08003bb8   0x08003bb8   0x00000054   Code   RO         1090    .text.HAL_UART_Receive_IT  stm32f4xx_hal_uart.o
    0x08003c0c   0x08003c0c   0x00000068   Code   RO         1489    .text.HAL_UART_RxCpltCallback  uart5.o
    0x08003c74   0x08003c74   0x00000178   Code   RO         1084    .text.HAL_UART_Transmit  stm32f4xx_hal_uart.o
    0x08003dec   0x08003dec   0x00000002   Code   RO         1156    .text.HAL_UART_TxCpltCallback  stm32f4xx_hal_uart.o
    0x08003dee   0x08003dee   0x00000002   PAD
    0x08003df0   0x08003df0   0x00000002   Code   RO          171    .text.HardFault_Handler  stm32f4xx_it.o
    0x08003df2   0x08003df2   0x00000002   PAD
    0x08003df4   0x08003df4   0x00000112   Code   RO          279    .text.I2C_RequestMemoryRead  stm32f4xx_hal_i2c.o
    0x08003f06   0x08003f06   0x00000002   PAD
    0x08003f08   0x08003f08   0x000000c8   Code   RO          275    .text.I2C_RequestMemoryWrite  stm32f4xx_hal_i2c.o
    0x08003fd0   0x08003fd0   0x000000ba   Code   RO          243    .text.I2C_WaitOnBTFFlagUntilTimeout  stm32f4xx_hal_i2c.o
    0x0800408a   0x0800408a   0x00000002   PAD
    0x0800408c   0x0800408c   0x000001ca   Code   RO          239    .text.I2C_WaitOnFlagUntilTimeout  stm32f4xx_hal_i2c.o
    0x08004256   0x08004256   0x00000002   PAD
    0x08004258   0x08004258   0x000000d6   Code   RO          357    .text.I2C_WaitOnMasterAddressFlagUntilTimeout  stm32f4xx_hal_i2c.o
    0x0800432e   0x0800432e   0x00000002   PAD
    0x08004330   0x08004330   0x00000090   Code   RO          247    .text.I2C_WaitOnRXNEFlagUntilTimeout  stm32f4xx_hal_i2c.o
    0x080043c0   0x080043c0   0x000000ba   Code   RO          241    .text.I2C_WaitOnTXEFlagUntilTimeout  stm32f4xx_hal_i2c.o
    0x0800447a   0x0800447a   0x00000002   PAD
    0x0800447c   0x0800447c   0x00000080   Code   RO         1248    .text.Incremental_PI_A  contor.o
    0x080044fc   0x080044fc   0x00000080   Code   RO         1250    .text.Incremental_PI_B  contor.o
    0x0800457c   0x0800457c   0x000000ae   Code   RO         1461    .text.MPU6050_DMP_Init  mpu6050.o
    0x0800462a   0x0800462a   0x00000002   PAD
    0x0800462c   0x0800462c   0x00000048   Code   RO           70    .text.MX_DMA_Init   dma.o
    0x08004674   0x08004674   0x000000f8   Code   RO           60    .text.MX_GPIO_Init  gpio.o
    0x0800476c   0x0800476c   0x00000042   Code   RO           79    .text.MX_I2C2_Init  i2c.o
    0x080047ae   0x080047ae   0x00000002   PAD
    0x080047b0   0x080047b0   0x00000082   Code   RO          110    .text.MX_TIM10_Init  tim.o
    0x08004832   0x08004832   0x00000002   PAD
    0x08004834   0x08004834   0x00000082   Code   RO          112    .text.MX_TIM11_Init  tim.o
    0x080048b6   0x080048b6   0x00000002   PAD
    0x080048b8   0x080048b8   0x00000058   Code   RO          114    .text.MX_TIM12_Init  tim.o
    0x08004910   0x08004910   0x00000066   Code   RO           94    .text.MX_TIM2_Init  tim.o
    0x08004976   0x08004976   0x00000002   PAD
    0x08004978   0x08004978   0x00000068   Code   RO           96    .text.MX_TIM3_Init  tim.o
    0x080049e0   0x080049e0   0x000000ca   Code   RO           98    .text.MX_TIM4_Init  tim.o
    0x08004aaa   0x08004aaa   0x00000002   PAD
    0x08004aac   0x08004aac   0x00000052   Code   RO          102    .text.MX_TIM6_Init  tim.o
    0x08004afe   0x08004afe   0x00000002   PAD
    0x08004b00   0x08004b00   0x00000052   Code   RO          104    .text.MX_TIM7_Init  tim.o
    0x08004b52   0x08004b52   0x00000002   PAD
    0x08004b54   0x08004b54   0x0000010c   Code   RO          106    .text.MX_TIM8_Init  tim.o
    0x08004c60   0x08004c60   0x00000084   Code   RO          108    .text.MX_TIM9_Init  tim.o
    0x08004ce4   0x08004ce4   0x00000050   Code   RO          146    .text.MX_UART5_Init  usart.o
    0x08004d34   0x08004d34   0x0000003c   Code   RO          148    .text.MX_USART2_UART_Init  usart.o
    0x08004d70   0x08004d70   0x0000003c   Code   RO          150    .text.MX_USART3_UART_Init  usart.o
    0x08004dac   0x08004dac   0x00000002   Code   RO          173    .text.MemManage_Handler  stm32f4xx_it.o
    0x08004dae   0x08004dae   0x00000002   PAD
    0x08004db0   0x08004db0   0x00000002   Code   RO          169    .text.NMI_Handler   stm32f4xx_it.o
    0x08004db2   0x08004db2   0x00000002   PAD
    0x08004db4   0x08004db4   0x0000048e   Code   RO         1215    .text.OLED_Clear    oled.o
    0x08005242   0x08005242   0x00000002   PAD
    0x08005244   0x08005244   0x0000001e   Code   RO         1211    .text.OLED_Display_On  oled.o
    0x08005262   0x08005262   0x00000002   PAD
    0x08005264   0x08005264   0x00000568   Code   RO         1229    .text.OLED_Init     oled.o
    0x080057cc   0x080057cc   0x00000170   Code   RO         1207    .text.OLED_Refresh_Gram  oled.o
    0x0800593c   0x0800593c   0x000001fc   Code   RO         1219    .text.OLED_ShowChar  oled.o
    0x08005b38   0x08005b38   0x0000005c   Code   RO         1223    .text.OLED_ShowNumber  oled.o
    0x08005b94   0x08005b94   0x0000015c   Code   RO         1209    .text.OLED_WR_Byte  oled.o
    0x08005cf0   0x08005cf0   0x00000064   Code   RO         1776    .text.PendSV_Handler  port.o
    0x08005d54   0x08005d54   0x00000050   Code   RO         1263    .text.Robot_Init    system.o
    0x08005da4   0x08005da4   0x0000000c   PAD
    0x08005db0   0x08005db0   0x00000024   Code   RO         1760    .text.SVC_Handler   port.o
    0x08005dd4   0x08005dd4   0x00000058   Code   RO         1252    .text.Set_Pwm       contor.o
    0x08005e2c   0x08005e2c   0x0000008c   Code   RO           35    .text.StartupTask   main.o
    0x08005eb8   0x08005eb8   0x0000002e   Code   RO         1778    .text.SysTick_Handler  port.o
    0x08005ee6   0x08005ee6   0x00000002   PAD
    0x08005ee8   0x08005ee8   0x000000a8   Code   RO           39    .text.SystemClock_Config  main.o
    0x08005f90   0x08005f90   0x00000012   Code   RO         1190    .text.SystemInit    system_stm32f4xx.o
    0x08005fa2   0x08005fa2   0x00000002   PAD
    0x08005fa4   0x08005fa4   0x0000001e   Code   RO          185    .text.TIM1_UP_TIM10_IRQHandler  stm32f4xx_it.o
    0x08005fc2   0x08005fc2   0x00000002   PAD
    0x08005fc4   0x08005fc4   0x0000000c   Code   RO          187    .text.TIM3_IRQHandler  stm32f4xx_it.o
    0x08005fd0   0x08005fd0   0x0000000c   Code   RO          197    .text.TIM7_IRQHandler  stm32f4xx_it.o
    0x08005fdc   0x08005fdc   0x0000000c   Code   RO          193    .text.TIM8_TRG_COM_TIM14_IRQHandler  stm32f4xx_it.o
    0x08005fe8   0x08005fe8   0x0000014c   Code   RO          753    .text.TIM_Base_SetConfig  stm32f4xx_hal_tim.o
    0x08006134   0x08006134   0x000000b4   Code   RO           29    .text.Task1         main.o
    0x080061e8   0x080061e8   0x000000c8   Code   RO           31    .text.Task2         main.o
    0x080062b0   0x080062b0   0x00000044   Code   RO           33    .text.Task3         main.o
    0x080062f4   0x080062f4   0x0000000c   Code   RO          195    .text.UART5_IRQHandler  stm32f4xx_it.o
    0x08006300   0x08006300   0x0000000c   Code   RO         1150    .text.UART_DMAAbortOnError  stm32f4xx_hal_uart.o
    0x0800630c   0x0800630c   0x000000fe   Code   RO         1148    .text.UART_Receive_IT  stm32f4xx_hal_uart.o
    0x0800640a   0x0800640a   0x00000002   PAD
    0x0800640c   0x0800640c   0x000000ee   Code   RO         1072    .text.UART_SetConfig  stm32f4xx_hal_uart.o
    0x080064fa   0x080064fa   0x00000002   PAD
    0x080064fc   0x080064fc   0x0000000c   Code   RO          189    .text.USART2_IRQHandler  stm32f4xx_it.o
    0x08006508   0x08006508   0x0000000c   Code   RO          191    .text.USART3_IRQHandler  stm32f4xx_it.o
    0x08006514   0x08006514   0x00000002   Code   RO          177    .text.UsageFault_Handler  stm32f4xx_it.o
    0x08006516   0x08006516   0x00000002   PAD
    0x08006518   0x08006518   0x00000234   Code   RO           27    .text.calcul_k      main.o
    0x0800674c   0x0800674c   0x00000004   PAD
    0x08006750   0x08006750   0x000001e0   Code   RO         1483    .text.data_process  uart5.o
    0x08006930   0x08006930   0x000001a8   Code   RO           25    .text.determineDirection  main.o
    0x08006ad8   0x08006ad8   0x000002a0   Code   RO         1425    .text.dmp_enable_feature  inv_mpu_dmp_motion_driver.o
    0x08006d78   0x08006d78   0x00000016   Code   RO         1389    .text.dmp_load_motion_driver_firmware  inv_mpu_dmp_motion_driver.o
    0x08006d8e   0x08006d8e   0x00000002   PAD
    0x08006d90   0x08006d90   0x000000c2   Code   RO         1395    .text.dmp_set_accel_bias  inv_mpu_dmp_motion_driver.o
    0x08006e52   0x08006e52   0x00000002   PAD
    0x08006e54   0x08006e54   0x00000070   Code   RO         1397    .text.dmp_set_fifo_rate  inv_mpu_dmp_motion_driver.o
    0x08006ec4   0x08006ec4   0x000000e0   Code   RO         1393    .text.dmp_set_gyro_bias  inv_mpu_dmp_motion_driver.o
    0x08006fa4   0x08006fa4   0x000000e8   Code   RO         1391    .text.dmp_set_orientation  inv_mpu_dmp_motion_driver.o
    0x0800708c   0x0800708c   0x0000014c   Code   RO         1401    .text.dmp_set_tap_thresh  inv_mpu_dmp_motion_driver.o
    0x080071d8   0x080071d8   0x0000044c   Code   RO         1359    .text.get_st_biases  inv_mpu.o
    0x08007624   0x08007624   0x00000004   Code   RO         1463    .text.inv_orientation_matrix_to_scalar  mpu6050.o
    0x08007628   0x08007628   0x00000124   Code   RO           37    .text.main          main.o
    0x0800774c   0x0800774c   0x000000cc   Code   RO         1307    .text.mpu_configure_fifo  inv_mpu.o
    0x08007818   0x08007818   0x00000036   Code   RO         1329    .text.mpu_get_accel_fsr  inv_mpu.o
    0x0800784e   0x0800784e   0x00000002   PAD
    0x08007850   0x08007850   0x00000040   Code   RO         1341    .text.mpu_get_accel_sens  inv_mpu.o
    0x08007890   0x08007890   0x00000030   Code   RO         1339    .text.mpu_get_gyro_sens  inv_mpu.o
    0x080078c0   0x080078c0   0x0000019e   Code   RO         1297    .text.mpu_init      inv_mpu.o
    0x08007a5e   0x08007a5e   0x00000002   PAD
    0x08007a60   0x08007a60   0x000001c6   Code   RO         1365    .text.mpu_load_firmware  inv_mpu.o
    0x08007c26   0x08007c26   0x00000002   PAD
    0x08007c28   0x08007c28   0x0000029a   Code   RO         1313    .text.mpu_lp_accel_mode  inv_mpu.o
    0x08007ec2   0x08007ec2   0x00000002   PAD
    0x08007ec4   0x08007ec4   0x00000210   Code   RO         1325    .text.mpu_reset_fifo  inv_mpu.o
    0x080080d4   0x080080d4   0x00000908   Code   RO         1355    .text.mpu_run_self_test  inv_mpu.o
    0x080089dc   0x080089dc   0x000000b2   Code   RO         1301    .text.mpu_set_accel_fsr  inv_mpu.o
    0x08008a8e   0x08008a8e   0x00000002   PAD
    0x08008a90   0x08008a90   0x00000136   Code   RO         1309    .text.mpu_set_bypass  inv_mpu.o
    0x08008bc6   0x08008bc6   0x00000002   PAD
    0x08008bc8   0x08008bc8   0x00000140   Code   RO         1357    .text.mpu_set_dmp_state  inv_mpu.o
    0x08008d08   0x08008d08   0x000000b4   Code   RO         1303    .text.mpu_set_lpf   inv_mpu.o
    0x08008dbc   0x08008dbc   0x000000fe   Code   RO         1305    .text.mpu_set_sample_rate  inv_mpu.o
    0x08008eba   0x08008eba   0x00000002   PAD
    0x08008ebc   0x08008ebc   0x0000012c   Code   RO         1311    .text.mpu_set_sensors  inv_mpu.o
    0x08008fe8   0x08008fe8   0x00000086   Code   RO         1361    .text.mpu_write_mem  inv_mpu.o
    0x0800906e   0x0800906e   0x00000002   PAD
    0x08009070   0x08009070   0x00000206   Code   RO         1491    .text.polarToCartesian  uart5.o
    0x08009276   0x08009276   0x00000002   PAD
    0x08009278   0x08009278   0x00000050   Code   RO         1275    .text.print_float   system.o
    0x080092c8   0x080092c8   0x00000044   Code   RO         1273    .text.print_int32_t  system.o
    0x0800930c   0x0800930c   0x00000032   Code   RO         1267    .text.println       system.o
    0x0800933e   0x0800933e   0x00000002   PAD
    0x08009340   0x08009340   0x000001fa   Code   RO         1487    .text.processData   uart5.o
    0x0800953a   0x0800953a   0x00000002   PAD
    0x0800953c   0x0800953c   0x0000007e   Code   RO         1627    .text.prvAddCurrentTaskToDelayedList  tasks.o
    0x080095ba   0x080095ba   0x00000002   PAD
    0x080095bc   0x080095bc   0x00000272   Code   RO         1651    .text.prvIdleTask   tasks.o
    0x0800982e   0x0800982e   0x00000002   PAD
    0x08009830   0x08009830   0x00000020   Code   RO         1768    .text.prvPortStartFirstTask  port.o
    0x08009850   0x08009850   0x00000026   Code   RO         1758    .text.prvTaskExitError  port.o
    0x08009876   0x08009876   0x00000002   PAD
    0x08009878   0x08009878   0x00000336   Code   RO         1726    .text.prvTimerTask  timers.o
    0x08009bae   0x08009bae   0x00000002   PAD
    0x08009bb0   0x08009bb0   0x00000074   Code   RO         1574    .text.prvUnlockQueue  queue.o
    0x08009c24   0x08009c24   0x000001e0   Code   RO         1792    .text.pvPortMalloc  heap_4.o
    0x08009e04   0x08009e04   0x00000018   Code   RO         1699    .text.pvTaskIncrementMutexHeldCount  tasks.o
    0x08009e1c   0x08009e1c   0x00000024   Code   RO         1756    .text.pxPortInitialiseStack  port.o
    0x08009e40   0x08009e40   0x00000090   Code   RO         1465    .text.run_self_test  mpu6050.o
    0x08009ed0   0x08009ed0   0x00000022   Code   RO         1548    .text.uxListRemove  list.o
    0x08009ef2   0x08009ef2   0x00000002   PAD
    0x08009ef4   0x08009ef4   0x00000002   Code   RO           15    .text.vApplicationIdleHook  main.o
    0x08009ef6   0x08009ef6   0x00000002   PAD
    0x08009ef8   0x08009ef8   0x00000002   Code   RO           19    .text.vApplicationMallocFailedHook  main.o
    0x08009efa   0x08009efa   0x00000002   PAD
    0x08009efc   0x08009efc   0x00000002   Code   RO           13    .text.vApplicationStackOverflowHook  main.o
    0x08009efe   0x08009efe   0x00000002   PAD
    0x08009f00   0x08009f00   0x00000002   Code   RO           17    .text.vApplicationTickHook  main.o
    0x08009f02   0x08009f02   0x00000002   PAD
    0x08009f04   0x08009f04   0x00000016   Code   RO         1540    .text.vListInitialise  list.o
    0x08009f1a   0x08009f1a   0x00000002   PAD
    0x08009f1c   0x08009f1c   0x00000006   Code   RO         1542    .text.vListInitialiseItem  list.o
    0x08009f22   0x08009f22   0x00000002   PAD
    0x08009f24   0x08009f24   0x00000062   Code   RO         1546    .text.vListInsert   list.o
    0x08009f86   0x08009f86   0x00000002   PAD
    0x08009f88   0x08009f88   0x0000001a   Code   RO         1544    .text.vListInsertEnd  list.o
    0x08009fa2   0x08009fa2   0x00000002   PAD
    0x08009fa4   0x08009fa4   0x00000014   Code   RO         1766    .text.vPortEnableVFP  port.o
    0x08009fb8   0x08009fb8   0x00000046   Code   RO         1772    .text.vPortEnterCritical  port.o
    0x08009ffe   0x08009ffe   0x00000002   PAD
    0x0800a000   0x0800a000   0x0000002e   Code   RO         1774    .text.vPortExitCritical  port.o
    0x0800a02e   0x0800a02e   0x00000002   PAD
    0x0800a030   0x0800a030   0x000000d0   Code   RO         1794    .text.vPortFree     heap_4.o
    0x0800a100   0x0800a100   0x0000002e   Code   RO         1764    .text.vPortSetupTimerInterrupt  port.o
    0x0800a12e   0x0800a12e   0x00000002   PAD
    0x0800a130   0x0800a130   0x000000b0   Code   RO         1604    .text.vQueueAddToRegistry  queue.o
    0x0800a1e0   0x0800a1e0   0x00000052   Code   RO         1608    .text.vQueueWaitForMessageRestricted  queue.o
    0x0800a232   0x0800a232   0x00000002   PAD
    0x0800a234   0x0800a234   0x0000009e   Code   RO         1631    .text.vTaskDelay    tasks.o
    0x0800a2d2   0x0800a2d2   0x00000002   PAD
    0x0800a2d4   0x0800a2d4   0x000000e4   Code   RO         1621    .text.vTaskDelete   tasks.o
    0x0800a3b8   0x0800a3b8   0x0000000e   Code   RO         1681    .text.vTaskMissedYield  tasks.o
    0x0800a3c6   0x0800a3c6   0x00000002   PAD
    0x0800a3c8   0x0800a3c8   0x00000036   Code   RO         1667    .text.vTaskPlaceOnEventList  tasks.o
    0x0800a3fe   0x0800a3fe   0x00000002   PAD
    0x0800a400   0x0800a400   0x0000008e   Code   RO         1671    .text.vTaskPlaceOnEventListRestricted  tasks.o
    0x0800a48e   0x0800a48e   0x00000002   PAD
    0x0800a490   0x0800a490   0x00000094   Code   RO         1693    .text.vTaskPriorityInherit  tasks.o
    0x0800a524   0x0800a524   0x00000098   Code   RO         1645    .text.vTaskResume   tasks.o
    0x0800a5bc   0x0800a5bc   0x00000026   Code   RO         1677    .text.vTaskSetTimeOutState  tasks.o
    0x0800a5e2   0x0800a5e2   0x00000002   PAD
    0x0800a5e4   0x0800a5e4   0x00000080   Code   RO         1649    .text.vTaskStartScheduler  tasks.o
    0x0800a664   0x0800a664   0x00000156   Code   RO         1641    .text.vTaskSuspend  tasks.o
    0x0800a7ba   0x0800a7ba   0x00000002   PAD
    0x0800a7bc   0x0800a7bc   0x00000010   Code   RO         1625    .text.vTaskSuspendAll  tasks.o
    0x0800a7cc   0x0800a7cc   0x0000009a   Code   RO         1643    .text.vTaskSwitchContext  tasks.o
    0x0800a866   0x0800a866   0x00000002   PAD
    0x0800a868   0x0800a868   0x0000014e   Code   RO         1762    .text.xPortStartScheduler  port.o
    0x0800a9b6   0x0800a9b6   0x00000002   PAD
    0x0800a9b8   0x0800a9b8   0x0000007e   Code   RO         1560    .text.xQueueGenericCreate  queue.o
    0x0800aa36   0x0800aa36   0x00000002   PAD
    0x0800aa38   0x0800aa38   0x000002ae   Code   RO         1570    .text.xQueueGenericReceive  queue.o
    0x0800ace6   0x0800ace6   0x00000002   PAD
    0x0800ace8   0x0800ace8   0x000002bc   Code   RO         1566    .text.xQueueGenericSend  queue.o
    0x0800afa4   0x0800afa4   0x00000086   Code   RO         1679    .text.xTaskCheckForTimeOut  tasks.o
    0x0800b02a   0x0800b02a   0x00000002   PAD
    0x0800b02c   0x0800b02c   0x0000022c   Code   RO         1619    .text.xTaskCreate   tasks.o
    0x0800b258   0x0800b258   0x0000001e   Code   RO         1691    .text.xTaskGetSchedulerState  tasks.o
    0x0800b276   0x0800b276   0x00000002   PAD
    0x0800b278   0x0800b278   0x0000000c   Code   RO         1657    .text.xTaskGetTickCount  tasks.o
    0x0800b284   0x0800b284   0x00000114   Code   RO         1655    .text.xTaskIncrementTick  tasks.o
    0x0800b398   0x0800b398   0x000000b6   Code   RO         1695    .text.xTaskPriorityDisinherit  tasks.o
    0x0800b44e   0x0800b44e   0x00000002   PAD
    0x0800b450   0x0800b450   0x00000074   Code   RO         1673    .text.xTaskRemoveFromEventList  tasks.o
    0x0800b4c4   0x0800b4c4   0x000000ea   Code   RO         1629    .text.xTaskResumeAll  tasks.o
    0x0800b5ae   0x0800b5ae   0x00000002   PAD
    0x0800b5b0   0x0800b5b0   0x00000090   Code   RO         1724    .text.xTimerCreateTimerTask  timers.o
    0x0800b640   0x0800b640   0x0000003e   Code   RO         2246    CL$$btod_d2e        c_w.l(btod.o)
    0x0800b67e   0x0800b67e   0x00000046   Code   RO         2248    CL$$btod_d2e_denorm_low  c_w.l(btod.o)
    0x0800b6c4   0x0800b6c4   0x00000060   Code   RO         2247    CL$$btod_d2e_norm_op1  c_w.l(btod.o)
    0x0800b724   0x0800b724   0x00000338   Code   RO         2256    CL$$btod_div_common  c_w.l(btod.o)
    0x0800ba5c   0x0800ba5c   0x000000dc   Code   RO         2253    CL$$btod_e2e        c_w.l(btod.o)
    0x0800bb38   0x0800bb38   0x0000002a   Code   RO         2250    CL$$btod_ediv       c_w.l(btod.o)
    0x0800bb62   0x0800bb62   0x0000002a   Code   RO         2249    CL$$btod_emul       c_w.l(btod.o)
    0x0800bb8c   0x0800bb8c   0x00000244   Code   RO         2255    CL$$btod_mult_common  c_w.l(btod.o)
    0x0800bdd0   0x0800bdd0   0x00000030   Code   RO         2154    i.__ARM_fpclassify  m_wm.l(fpclassify.o)
    0x0800be00   0x0800be00   0x00000026   Code   RO         2156    i.__ARM_fpclassifyf  m_wm.l(fpclassifyf.o)
    0x0800be26   0x0800be26   0x00000002   PAD
    0x0800be28   0x0800be28   0x00000150   Code   RO         1983    i.__hardfp_cosf     m_wm.l(cosf.o)
    0x0800bf78   0x0800bf78   0x00000190   Code   RO         1995    i.__hardfp_sinf     m_wm.l(sinf.o)
    0x0800c108   0x0800c108   0x00000080   Code   RO         2001    i.__hardfp_tan      m_wm.l(tan.o)
    0x0800c188   0x0800c188   0x00000438   Code   RO         2175    i.__ieee754_rem_pio2  m_wm.l(rred.o)
    0x0800c5c0   0x0800c5c0   0x000000f8   Code   RO         2172    i.__kernel_poly     m_wm.l(poly.o)
    0x0800c6b8   0x0800c6b8   0x00000350   Code   RO         2192    i.__kernel_tan      m_wm.l(tan_i.o)
    0x0800ca08   0x0800ca08   0x00000014   Code   RO         2135    i.__mathlib_dbl_infnan  m_wm.l(dunder.o)
    0x0800ca1c   0x0800ca1c   0x00000004   PAD
    0x0800ca20   0x0800ca20   0x00000020   Code   RO         2137    i.__mathlib_dbl_invalid  m_wm.l(dunder.o)
    0x0800ca40   0x0800ca40   0x00000020   Code   RO         2140    i.__mathlib_dbl_underflow  m_wm.l(dunder.o)
    0x0800ca60   0x0800ca60   0x00000006   Code   RO         2159    i.__mathlib_flt_infnan  m_wm.l(funder.o)
    0x0800ca66   0x0800ca66   0x00000002   PAD
    0x0800ca68   0x0800ca68   0x00000010   Code   RO         2161    i.__mathlib_flt_invalid  m_wm.l(funder.o)
    0x0800ca78   0x0800ca78   0x00000010   Code   RO         2164    i.__mathlib_flt_underflow  m_wm.l(funder.o)
    0x0800ca88   0x0800ca88   0x00000154   Code   RO         2180    i.__mathlib_rredf2  m_wm.l(rredf.o)
    0x0800cbdc   0x0800cbdc   0x0000000e   Code   RO         1903    i._is_digit         c_w.l(__printf_wp.o)
    0x0800cbea   0x0800cbea   0x00000018   Code   RO         2150    i.fabs              m_wm.l(fabs.o)
    0x0800cc02   0x0800cc02   0x00000002   PAD
    0x0800cc04   0x0800cc04   0x0000002c   Code   RO         2271    locale$$code        c_w.l(lc_numeric_c.o)
    0x0800cc30   0x0800cc30   0x00000018   Code   RO         2107    x$fpl$basic         fz_wm.l(basic.o)
    0x0800cc48   0x0800cc48   0x00000062   Code   RO         1928    x$fpl$d2f           fz_wm.l(d2f.o)
    0x0800ccaa   0x0800ccaa   0x00000002   PAD
    0x0800ccac   0x0800ccac   0x00000150   Code   RO         1930    x$fpl$dadd          fz_wm.l(daddsub_clz.o)
    0x0800cdfc   0x0800cdfc   0x000002b4   Code   RO         1939    x$fpl$ddiv          fz_wm.l(ddiv.o)
    0x0800d0b0   0x0800d0b0   0x0000005e   Code   RO         1942    x$fpl$dfix          fz_wm.l(dfix.o)
    0x0800d10e   0x0800d10e   0x0000002e   Code   RO         1947    x$fpl$dflt          fz_wm.l(dflt_clz.o)
    0x0800d13c   0x0800d13c   0x00000026   Code   RO         1946    x$fpl$dfltu         fz_wm.l(dflt_clz.o)
    0x0800d162   0x0800d162   0x00000002   PAD
    0x0800d164   0x0800d164   0x00000154   Code   RO         1952    x$fpl$dmul          fz_wm.l(dmul.o)
    0x0800d2b8   0x0800d2b8   0x0000009c   Code   RO         2115    x$fpl$dnaninf       fz_wm.l(dnaninf.o)
    0x0800d354   0x0800d354   0x0000000c   Code   RO         2117    x$fpl$dretinf       fz_wm.l(dretinf.o)
    0x0800d360   0x0800d360   0x00000016   Code   RO         1931    x$fpl$drsb          fz_wm.l(daddsub_clz.o)
    0x0800d376   0x0800d376   0x00000002   PAD
    0x0800d378   0x0800d378   0x000001dc   Code   RO         1932    x$fpl$dsub          fz_wm.l(daddsub_clz.o)
    0x0800d554   0x0800d554   0x00000056   Code   RO         1954    x$fpl$f2d           fz_wm.l(f2d.o)
    0x0800d5aa   0x0800d5aa   0x0000008c   Code   RO         2119    x$fpl$fnaninf       fz_wm.l(fnaninf.o)
    0x0800d636   0x0800d636   0x0000001a   Code   RO         2286    x$fpl$fpinit        fz_wm.l(fpinit.o)
    0x0800d650   0x0800d650   0x0000000a   Code   RO         2121    x$fpl$fretinf       fz_wm.l(fretinf.o)
    0x0800d65a   0x0800d65a   0x00000004   Code   RO         1956    x$fpl$printf1       fz_wm.l(printf1.o)
    0x0800d65e   0x0800d65e   0x00000000   Code   RO         2123    x$fpl$usenofp       fz_wm.l(usenofp.o)
    0x0800d65e   0x0800d65e   0x00000002   PAD
    0x0800d660   0x0800d660   0x000000cc   Data   RO         2177    .constdata          m_wm.l(rred.o)
    0x0800d72c   0x0800d72c   0x00000020   Data   RO         2181    .constdata          m_wm.l(rredf.o)
    0x0800d74c   0x0800d74c   0x00000004   PAD
    0x0800d750   0x0800d750   0x00000060   Data   RO         2193    .constdata          m_wm.l(tan_i.o)
    0x0800d7b0   0x0800d7b0   0x00000094   Data   RO         2244    .constdata          c_w.l(bigflt0.o)
    0x0800d844   0x0800d844   0x00000003   Data   RO         1445    .rodata..L__const.dmp_set_orientation.accel_axes  inv_mpu_dmp_motion_driver.o
    0x0800d847   0x0800d847   0x00000003   Data   RO         1444    .rodata..L__const.dmp_set_orientation.gyro_axes  inv_mpu_dmp_motion_driver.o
    0x0800d84a   0x0800d84a   0x00000010   Data   RO         1195    .rodata.AHBPrescTable  system_stm32f4xx.o
    0x0800d85a   0x0800d85a   0x00000008   Data   RO         1196    .rodata.APBPrescTable  system_stm32f4xx.o
    0x0800d862   0x0800d862   0x00000008   Data   RO          540    .rodata.cst8        stm32f4xx_hal_dma.o
    0x0800d86a   0x0800d86a   0x00000008   Data   RO         1379    .rodata.cst8        inv_mpu.o
    0x0800d872   0x0800d872   0x00000bf6   Data   RO         1443    .rodata.dmp_memory  inv_mpu_dmp_motion_driver.o
    0x0800e468   0x0800e468   0x0000000c   Data   RO         1376    .rodata.hw          inv_mpu.o
    0x0800e474   0x0800e474   0x00000474   Data   RO         1231    .rodata.oled_asc2_1206  oled.o
    0x0800e8e8   0x0800e8e8   0x000005f0   Data   RO         1232    .rodata.oled_asc2_1608  oled.o
    0x0800eed8   0x0800eed8   0x0000001e   Data   RO         1375    .rodata.reg         inv_mpu.o
    0x0800eef6   0x0800eef6   0x00000003   Data   RO         1279    .rodata.str1.1      system.o
    0x0800eef9   0x0800eef9   0x00000005   Data   RO         1746    .rodata.str1.1      timers.o
    0x0800eefe   0x0800eefe   0x00000002   PAD
    0x0800ef00   0x0800ef00   0x00000028   Data   RO         1377    .rodata.test        inv_mpu.o
    0x0800ef28   0x0800ef28   0x00000020   Data   RO         2388    Region$$Table       anon$$obj.o
    0x0800ef48   0x0800ef48   0x0000001c   Data   RO         2270    locale$$data        c_w.l(lc_numeric_c.o)


    Execution Region RW_IRAM1 (Exec base: 0x20000000, Load base: 0x0800ef68, Size: 0x000141a0, Max: 0x0001c000, ABSOLUTE)

    Exec Addr    Load Addr    Size         Type   Attr      Idx    E Section Name        Object

    0x20000000   0x0800ef68   0x00000008   Data   RW          714    .data..L_MergedGlobals  stm32f4xx_hal.o
    0x20000008   0x0800ef70   0x00000004   Data   RW         1194    .data.SystemCoreClock  system_stm32f4xx.o
    0x2000000c   0x0800ef74   0x00000004   Data   RW         1278    .data.Velocity_KI   system.o
    0x20000010   0x0800ef78   0x00000004   Data   RW         1277    .data.Velocity_KP   system.o
    0x20000014   0x0800ef7c   0x0000002c   Data   RW         1378    .data.st            inv_mpu.o
    0x20000040   0x0800efa8   0x00000004   Data   RW         1782    .data.uxCriticalNesting  port.o
    0x20000044   0x0800efac   0x00000004   PAD
    0x20000048        -       0x00000060   Zero   RW         2200    .bss                c_w.l(libspace.o)
    0x200000a8        -       0x0000002c   Zero   RW           51    .bss..L_MergedGlobals  main.o
    0x200000d4        -       0x00000010   Zero   RW         1254    .bss..L_MergedGlobals  contor.o
    0x200000e4        -       0x00000024   Zero   RW         1284    .bss..L_MergedGlobals  system.o
    0x20000108        -       0x00000010   Zero   RW         1452    .bss..L_MergedGlobals  inv_mpu_dmp_motion_driver.o
    0x20000118        -       0x00000042   Zero   RW         1502    .bss..L_MergedGlobals  uart5.o
    0x2000015a   0x0800efac   0x00000002   PAD
    0x2000015c        -       0x00000078   Zero   RW         1714    .bss..L_MergedGlobals  tasks.o
    0x200001d4        -       0x0000003c   Zero   RW         1747    .bss..L_MergedGlobals  timers.o
    0x20000210        -       0x00000008   Zero   RW         1783    .bss..L_MergedGlobals  port.o
    0x20000218        -       0x00000018   Zero   RW         1803    .bss..L_MergedGlobals  heap_4.o
    0x20000230        -       0x00000028   Zero   RW         1715    .bss..L_MergedGlobals.2  tasks.o
    0x20000258        -       0x000002e0   Zero   RW         1499    .bss.Dataprocess    uart5.o
    0x20000538        -       0x00000014   Zero   RW         1280    .bss.MOTOR_A        system.o
    0x2000054c        -       0x00000014   Zero   RW         1281    .bss.MOTOR_B        system.o
    0x20000560        -       0x00000400   Zero   RW         1233    .bss.OLED_GRAM      oled.o
    0x20000960        -       0x00000004   Zero   RW         1282    .bss.Servo          system.o
    0x20000964        -       0x00000004   Zero   RW           46    .bss.StartupTaskHandle  main.o
    0x20000968        -       0x00000001   Zero   RW         1500    .bss.Uart5_Receive_buf  uart5.o
    0x20000969   0x0800efac   0x00000003   PAD
    0x2000096c        -       0x00000002   Zero   RW         1446    .bss.dmp.2          inv_mpu_dmp_motion_driver.o
    0x2000096e   0x0800efac   0x00000002   PAD
    0x20000970        -       0x00000002   Zero   RW         1447    .bss.dmp.4          inv_mpu_dmp_motion_driver.o
    0x20000972   0x0800efac   0x00000002   PAD
    0x20000974        -       0x00000060   Zero   RW          159    .bss.hdma_usart2_rx  usart.o
    0x200009d4        -       0x00000060   Zero   RW          160    .bss.hdma_usart2_tx  usart.o
    0x20000a34        -       0x00000054   Zero   RW           85    .bss.hi2c2          i2c.o
    0x20000a88        -       0x00000048   Zero   RW          220    .bss.htim1          stm32f4xx_hal_timebase_tim.o
    0x20000ad0        -       0x00000048   Zero   RW          135    .bss.htim10         tim.o
    0x20000b18        -       0x00000048   Zero   RW          136    .bss.htim11         tim.o
    0x20000b60        -       0x00000048   Zero   RW          137    .bss.htim12         tim.o
    0x20000ba8        -       0x00000048   Zero   RW          128    .bss.htim2          tim.o
    0x20000bf0        -       0x00000048   Zero   RW          129    .bss.htim3          tim.o
    0x20000c38        -       0x00000048   Zero   RW          130    .bss.htim4          tim.o
    0x20000c80        -       0x00000048   Zero   RW          131    .bss.htim6          tim.o
    0x20000cc8        -       0x00000048   Zero   RW          132    .bss.htim7          tim.o
    0x20000d10        -       0x00000048   Zero   RW          133    .bss.htim8          tim.o
    0x20000d58        -       0x00000048   Zero   RW          134    .bss.htim9          tim.o
    0x20000da0        -       0x00000048   Zero   RW          157    .bss.huart2         usart.o
    0x20000de8        -       0x00000048   Zero   RW          158    .bss.huart3         usart.o
    0x20000e30        -       0x00000048   Zero   RW          156    .bss.huart5         usart.o
    0x20000e78        -       0x00000064   Zero   RW         1713    .bss.pxReadyTasksLists  tasks.o
    0x20000edc        -       0x00000078   Zero   RW           48    .bss.uart5_data_buffer  main.o
    0x20000f54        -       0x00000001   Zero   RW           45    .bss.uart5_data_index  main.o
    0x20000f55        -       0x00012c00   Zero   RW         1802    .bss.ucHeap         heap_4.o
    0x20013b55   0x0800efac   0x00000003   PAD
    0x20013b58        -       0x00000004   Zero   RW          713    .bss.uwTick         stm32f4xx_hal.o
    0x20013b5c        -       0x00000040   Zero   RW         1610    .bss.xQueueRegistry  queue.o
    0x20013b9c   0x0800efac   0x00000004   PAD
    0x20013ba0        -       0x00000200   Zero   RW            2    HEAP                startup_stm32f407xx.o
    0x20013da0        -       0x00000400   Zero   RW            1    STACK               startup_stm32f407xx.o


    Execution Region RW_IRAM2 (Exec base: 0x2001c000, Load base: 0x0800efb0, Size: 0x00000000, Max: 0x00004000, ABSOLUTE)

    **** No section assigned to this execution region ****


==============================================================================

Image component sizes


      Code (inc. data)   RO Data    RW Data    ZI Data      Debug   Object Name

       736         52          0          0         16       3474   contor.o
        72          0          0          0          0       3451   dma.o
       248          0          0          0          0       2494   gpio.o
       688          0          0          0      76824       4443   heap_4.o
       174          0          0          0         84       5407   i2c.o
      7520        166         90         44          0      27901   inv_mpu.o
      1788         68       3068          0         20      11317   inv_mpu_dmp_motion_driver.o
       186          0          0          0          0       2134   list.o
      2194        104          0          0        169      14063   main.o
       322          0          0          0          0       5061   mpu6050.o
      3896          4       2660          0       1024      29544   oled.o
       804         16          0          4          8       3888   port.o
      1886          0          0          0         64      21518   queue.o
        64         26        392          0       1536        828   startup_stm32f407xx.o
       132          0          0          8          4       7284   stm32f4xx_hal.o
       152          0          0          0          0      10542   stm32f4xx_hal_cortex.o
       980          6          8          0          0      10715   stm32f4xx_hal_dma.o
       424          0          0          0          0       5312   stm32f4xx_hal_gpio.o
      2966          0          0          0          0      43847   stm32f4xx_hal_i2c.o
        56          0          0          0          0       1440   stm32f4xx_hal_msp.o
      1546          0          0          0          0       7428   stm32f4xx_hal_rcc.o
      2640          6          0          0          0      55553   stm32f4xx_hal_tim.o
       270          0          0          0          0      21003   stm32f4xx_hal_tim_ex.o
       180          0          0          0         72       7149   stm32f4xx_hal_timebase_tim.o
      2458          0          0          0          0      32083   stm32f4xx_hal_uart.o
       138          0          0          0          0       6162   stm32f4xx_it.o
       278          8          3          8         80       5746   system.o
        18          0         24          4          0       2628   system_stm32f4xx.o
      3890          8          0          0        260      38081   tasks.o
      2400          0          0          0        720      14414   tim.o
       966          8          5          0         60      11616   timers.o
      1608         42          0          0        803      17743   uart5.o
       712          0          0          0        408       7932   usart.o

    ----------------------------------------------------------------------
     42608        518       6284         68      82172     442201   Object Totals
         0          0         32          0          0          0   (incl. Generated)
       216          4          2          0         20          0   (incl. Padding)

    ----------------------------------------------------------------------

      Code (inc. data)   RO Data    RW Data    ZI Data      Debug   Library Member Name

         8          0          0          0          0         68   __main.o
       284          0          0          0          0        156   __printf_wp.o
         0          0          0          0          0          0   __rtentry.o
        12          0          0          0          0          0   __rtentry2.o
         6          0          0          0          0          0   __rtentry4.o
        94          8          0          0          0          0   __scatter.o
        26          0          0          0          0          0   __scatter_copy.o
        28          0          0          0          0          0   __scatter_zi.o
        48          6          0          0          0         96   _printf_char_common.o
         6          0          0          0          0          0   _printf_d.o
       120         16          0          0          0         92   _printf_dec.o
         6          0          0          0          0          0   _printf_f.o
      1052          0          0          0          0        148   _printf_fp_dec.o
       128         16          0          0          0         84   _printf_fp_infnan.o
       178          0          0          0          0         88   _printf_intcommon.o
         0          0          0          0          0          0   _printf_percent.o
         4          0          0          0          0          0   _printf_percent_end.o
        22          0          0          0          0        100   _rserrno.o
        16          0          0          0          0         68   _snputc.o
        10          0          0          0          0         68   _sputc.o
        16          0          0          0          0         68   aeabi_memset4.o
       228          4        148          0          0         96   bigflt0.o
      1936        128          0          0          0        668   btod.o
        18          0          0          0          0         80   exit.o
         6          0          0          0          0        152   heapauxi.o
         0          0          0          0          0          0   indicate_semi.o
        44         10         28          0          0         76   lc_numeric_c.o
         2          0          0          0          0          0   libinit.o
        22          0          0          0          0          0   libinit2.o
         2          0          0          0          0          0   libshutdown.o
         2          0          0          0          0          0   libshutdown2.o
         8          4          0          0         96         68   libspace.o
       116          0          0          0          0         84   llsdiv.o
       138          0          0          0          0         80   lludiv10.o
       240          0          0          0          0        100   lludivv7m.o
        88          0          0          0          0         76   memcmp.o
        64          6          0          0          0         84   noretval__2snprintf.o
        40          6          0          0          0         84   noretval__2sprintf.o
         8          4          0          0          0         68   rt_errno_addr_intlibspace.o
         8          4          0          0          0         68   rt_locale_intlibspace.o
        78          0          0          0          0         80   rt_memclr_w.o
       138          0          0          0          0         68   rt_memcpy_v6.o
       100          0          0          0          0         80   rt_memcpy_w.o
         2          0          0          0          0          0   rtexit.o
        10          0          0          0          0          0   rtexit2.o
       124          0          0          0          0         88   strcmpv7em.o
        62          0          0          0          0         76   strlen.o
        12          4          0          0          0         68   sys_exit.o
        74          0          0          0          0         80   sys_stackheap_outer.o
         2          0          0          0          0         68   use_no_semi.o
        24          0          0          0          0        164   basic.o
        98          4          0          0          0        140   d2f.o
       834         16          0          0          0        516   daddsub_clz.o
       692        140          0          0          0        264   ddiv.o
        94          4          0          0          0        140   dfix.o
        84          0          0          0          0        232   dflt_clz.o
       340         12          0          0          0        152   dmul.o
       156          4          0          0          0        140   dnaninf.o
        12          0          0          0          0        116   dretinf.o
        86          4          0          0          0        132   f2d.o
       140          4          0          0          0        132   fnaninf.o
        26          0          0          0          0        116   fpinit.o
        10          0          0          0          0        116   fretinf.o
         4          0          0          0          0        116   printf1.o
         0          0          0          0          0          0   usenofp.o
       336         56          0          0          0        136   cosf.o
        84         16          0          0          0        372   dunder.o
        24          0          0          0          0        124   fabs.o
        48          0          0          0          0        124   fpclassify.o
        38          0          0          0          0        116   fpclassifyf.o
        38         12          0          0          0        348   funder.o
       248          0          0          0          0        152   poly.o
      1080        142        204          0          0        188   rred.o
       340         24         32          0          0        160   rredf.o
       400         56          0          0          0        212   sinf.o
       128         20          0          0          0        144   tan.o
       848         84         96          0          0        196   tan_i.o

    ----------------------------------------------------------------------
     11880        814        512          0         96       8176   Library Totals
        32          0          4          0          0          0   (incl. Padding)

    ----------------------------------------------------------------------

      Code (inc. data)   RO Data    RW Data    ZI Data      Debug   Library Name

      5636        216        176          0         96       3428   c_w.l
      2600        188          0          0          0       2476   fz_wm.l
      3612        410        332          0          0       2272   m_wm.l

    ----------------------------------------------------------------------
     11880        814        512          0         96       8176   Library Totals

    ----------------------------------------------------------------------

==============================================================================


      Code (inc. data)   RO Data    RW Data    ZI Data      Debug   

     54488       1332       6796         68      82268     444801   Grand Totals
     54488       1332       6796         68      82268     444801   ELF Image Totals
     54488       1332       6796         68          0          0   ROM Totals

==============================================================================

    Total RO  Size (Code + RO Data)                61284 (  59.85kB)
    Total RW  Size (RW Data + ZI Data)             82336 (  80.41kB)
    Total ROM Size (Code + RO Data + RW Data)      61352 (  59.91kB)

==============================================================================

